Archive member included to satisfy reference by file (symbol)

/Users/manupepermans/STM32Toolchain/gcc-arm/bin/../lib/gcc/arm-none-eabi/5.4.1/../../../../arm-none-eabi/lib/armv7e-m/libstdc++_nano.a(class_type_info.o)
                              ./src/LM303AGR.o (vtable for __cxxabiv1::__class_type_info)
/Users/manupepermans/STM32Toolchain/gcc-arm/bin/../lib/gcc/arm-none-eabi/5.4.1/../../../../arm-none-eabi/lib/armv7e-m/libstdc++_nano.a(del_op.o)
                              ./src/LM303AGR.o (operator delete(void*))
/Users/manupepermans/STM32Toolchain/gcc-arm/bin/../lib/gcc/arm-none-eabi/5.4.1/../../../../arm-none-eabi/lib/armv7e-m/libstdc++_nano.a(si_class_type_info.o)
                              /Users/manupepermans/STM32Toolchain/gcc-arm/bin/../lib/gcc/arm-none-eabi/5.4.1/../../../../arm-none-eabi/lib/armv7e-m/libstdc++_nano.a(class_type_info.o) (vtable for __cxxabiv1::__si_class_type_info)
/Users/manupepermans/STM32Toolchain/gcc-arm/bin/../lib/gcc/arm-none-eabi/5.4.1/../../../../arm-none-eabi/lib/armv7e-m/libstdc++_nano.a(tinfo.o)
                              /Users/manupepermans/STM32Toolchain/gcc-arm/bin/../lib/gcc/arm-none-eabi/5.4.1/../../../../arm-none-eabi/lib/armv7e-m/libstdc++_nano.a(class_type_info.o) (std::type_info::~type_info())
/Users/manupepermans/STM32Toolchain/gcc-arm/bin/../lib/gcc/arm-none-eabi/5.4.1/armv7e-m/libgcc.a(_aeabi_uldivmod.o)
                              ./system/src/stm32f4xx/stm32f4xx_hal_rcc.o (__aeabi_uldivmod)
/Users/manupepermans/STM32Toolchain/gcc-arm/bin/../lib/gcc/arm-none-eabi/5.4.1/armv7e-m/libgcc.a(_udivmoddi4.o)
                              /Users/manupepermans/STM32Toolchain/gcc-arm/bin/../lib/gcc/arm-none-eabi/5.4.1/armv7e-m/libgcc.a(_aeabi_uldivmod.o) (__udivmoddi4)
/Users/manupepermans/STM32Toolchain/gcc-arm/bin/../lib/gcc/arm-none-eabi/5.4.1/armv7e-m/libgcc.a(unwind-arm.o)
                              ./system/src/newlib/_cxx.o (__aeabi_unwind_cpp_pr1)
/Users/manupepermans/STM32Toolchain/gcc-arm/bin/../lib/gcc/arm-none-eabi/5.4.1/armv7e-m/libgcc.a(libunwind.o)
                              /Users/manupepermans/STM32Toolchain/gcc-arm/bin/../lib/gcc/arm-none-eabi/5.4.1/armv7e-m/libgcc.a(unwind-arm.o) (restore_core_regs)
/Users/manupepermans/STM32Toolchain/gcc-arm/bin/../lib/gcc/arm-none-eabi/5.4.1/armv7e-m/libgcc.a(pr-support.o)
                              /Users/manupepermans/STM32Toolchain/gcc-arm/bin/../lib/gcc/arm-none-eabi/5.4.1/armv7e-m/libgcc.a(unwind-arm.o) (__gnu_unwind_execute)
/Users/manupepermans/STM32Toolchain/gcc-arm/bin/../lib/gcc/arm-none-eabi/5.4.1/armv7e-m/libgcc.a(_dvmd_tls.o)
                              /Users/manupepermans/STM32Toolchain/gcc-arm/bin/../lib/gcc/arm-none-eabi/5.4.1/armv7e-m/libgcc.a(_aeabi_uldivmod.o) (__aeabi_ldiv0)
/Users/manupepermans/STM32Toolchain/gcc-arm/bin/../lib/gcc/arm-none-eabi/5.4.1/../../../../arm-none-eabi/lib/armv7e-m/libg_nano.a(lib_a-errno.o)
                              ./system/src/newlib/_sbrk.o (__errno)
/Users/manupepermans/STM32Toolchain/gcc-arm/bin/../lib/gcc/arm-none-eabi/5.4.1/../../../../arm-none-eabi/lib/armv7e-m/libg_nano.a(lib_a-impure.o)
                              /Users/manupepermans/STM32Toolchain/gcc-arm/bin/../lib/gcc/arm-none-eabi/5.4.1/../../../../arm-none-eabi/lib/armv7e-m/libg_nano.a(lib_a-errno.o) (_impure_ptr)
/Users/manupepermans/STM32Toolchain/gcc-arm/bin/../lib/gcc/arm-none-eabi/5.4.1/../../../../arm-none-eabi/lib/armv7e-m/libg_nano.a(lib_a-init.o)
                              ./system/src/cmsis/startup_stm32f401xe.o (__libc_init_array)
/Users/manupepermans/STM32Toolchain/gcc-arm/bin/../lib/gcc/arm-none-eabi/5.4.1/../../../../arm-none-eabi/lib/armv7e-m/libg_nano.a(lib_a-malloc.o)
                              /Users/manupepermans/STM32Toolchain/gcc-arm/bin/../lib/gcc/arm-none-eabi/5.4.1/../../../../arm-none-eabi/lib/armv7e-m/libstdc++_nano.a(del_op.o) (free)
/Users/manupepermans/STM32Toolchain/gcc-arm/bin/../lib/gcc/arm-none-eabi/5.4.1/../../../../arm-none-eabi/lib/armv7e-m/libg_nano.a(lib_a-memcpy-stub.o)
                              /Users/manupepermans/STM32Toolchain/gcc-arm/bin/../lib/gcc/arm-none-eabi/5.4.1/armv7e-m/libgcc.a(unwind-arm.o) (memcpy)
/Users/manupepermans/STM32Toolchain/gcc-arm/bin/../lib/gcc/arm-none-eabi/5.4.1/../../../../arm-none-eabi/lib/armv7e-m/libg_nano.a(lib_a-nano-freer.o)
                              /Users/manupepermans/STM32Toolchain/gcc-arm/bin/../lib/gcc/arm-none-eabi/5.4.1/../../../../arm-none-eabi/lib/armv7e-m/libg_nano.a(lib_a-malloc.o) (_free_r)
/Users/manupepermans/STM32Toolchain/gcc-arm/bin/../lib/gcc/arm-none-eabi/5.4.1/../../../../arm-none-eabi/lib/armv7e-m/libg_nano.a(lib_a-nano-mallocr.o)
                              /Users/manupepermans/STM32Toolchain/gcc-arm/bin/../lib/gcc/arm-none-eabi/5.4.1/../../../../arm-none-eabi/lib/armv7e-m/libg_nano.a(lib_a-malloc.o) (_malloc_r)
/Users/manupepermans/STM32Toolchain/gcc-arm/bin/../lib/gcc/arm-none-eabi/5.4.1/../../../../arm-none-eabi/lib/armv7e-m/libg_nano.a(lib_a-sbrkr.o)
[...]
Memory Configuration

Name             Origin             Length             Attributes
FLASH            0x0000000008000000 0x0000000000030000 xr
RAM              0x0000000020000000 0x0000000000005000 xrw
CCMRAM           0x0000000010000000 0x0000000000000000 xrw
FLASHB1          0x0000000000000000 0x0000000000000000 xr
EXTMEMB0         0x0000000000000000 0x0000000000000000 xr
EXTMEMB1         0x0000000000000000 0x0000000000000000 xr
EXTMEMB2         0x0000000000000000 0x0000000000000000 xr
EXTMEMB3         0x0000000000000000 0x0000000000000000 xr
*default*        0x0000000000000000 0xffffffffffffffff

Linker script and memory map

LOAD ./system/src/stm32f4xx/stm32f4xx_hal.o
LOAD ./system/src/stm32f4xx/stm32f4xx_hal_cortex.o
LOAD ./system/src/stm32f4xx/stm32f4xx_hal_dma.o
LOAD ./system/src/stm32f4xx/stm32f4xx_hal_dma_ex.o
LOAD ./system/src/stm32f4xx/stm32f4xx_hal_flash.o
LOAD ./system/src/stm32f4xx/stm32f4xx_hal_flash_ex.o
LOAD ./system/src/stm32f4xx/stm32f4xx_hal_flash_ramfunc.o
LOAD ./system/src/stm32f4xx/stm32f4xx_hal_gpio.o
LOAD ./system/src/stm32f4xx/stm32f4xx_hal_i2c.o
LOAD ./system/src/stm32f4xx/stm32f4xx_hal_i2c_ex.o
LOAD ./system/src/stm32f4xx/stm32f4xx_hal_pwr.o
LOAD ./system/src/stm32f4xx/stm32f4xx_hal_pwr_ex.o
LOAD ./system/src/stm32f4xx/stm32f4xx_hal_rcc.o
LOAD ./system/src/stm32f4xx/stm32f4xx_hal_rcc_ex.o
LOAD ./system/src/stm32f4xx/stm32f4xx_hal_tim.o
LOAD ./system/src/stm32f4xx/stm32f4xx_hal_tim_ex.o
LOAD ./system/src/newlib/_cxx.o
LOAD ./system/src/newlib/_exit.o
LOAD ./system/src/newlib/_sbrk.o
LOAD ./system/src/newlib/_startup.o
LOAD ./system/src/newlib/_syscalls.o
LOAD ./system/src/newlib/assert.o
LOAD ./system/src/diag/Trace.o
LOAD ./system/src/diag/trace_impl.o
LOAD ./system/src/cortexm/_initialize_hardware.o
LOAD ./system/src/cortexm/_reset_hardware.o
LOAD ./system/src/cortexm/exception_handlers.o
LOAD ./system/src/cmsis/startup_stm32f401xe.o
LOAD ./system/src/cmsis/system_stm32f4xx.o
LOAD ./src/LM303AGR.o
LOAD ./src/LSM303AGR.o
LOAD ./src/main.o
LOAD ./src/stm32f4xx_hal_msp.o
LOAD ./src/stm32f4xx_it.o
LOAD /Users/manupepermans/STM32Toolchain/gcc-arm/bin/../lib/gcc/arm-none-eabi/5.4.1/../../../../arm-none-eabi/lib/armv7e-m/libstdc++_nano.a
LOAD /Users/manupepermans/STM32Toolchain/gcc-arm/bin/../lib/gcc/arm-none-eabi/5.4.1/../../../../arm-none-eabi/lib/armv7e-m/libm.a
START GROUP
LOAD /Users/manupepermans/STM32Toolchain/gcc-arm/bin/../lib/gcc/arm-none-eabi/5.4.1/armv7e-m/libgcc.a
LOAD /Users/manupepermans/STM32Toolchain/gcc-arm/bin/../lib/gcc/arm-none-eabi/5.4.1/../../../../arm-none-eabi/lib/armv7e-m/libg_nano.a
LOAD /Users/manupepermans/STM32Toolchain/gcc-arm/bin/../lib/gcc/arm-none-eabi/5.4.1/../../../../arm-none-eabi/lib/armv7e-m/libc_nano.a
END GROUP
START GROUP
LOAD /Users/manupepermans/STM32Toolchain/gcc-arm/bin/../lib/gcc/arm-none-eabi/5.4.1/armv7e-m/libgcc.a
LOAD /Users/manupepermans/STM32Toolchain/gcc-arm/bin/../lib/gcc/arm-none-eabi/5.4.1/../../../../arm-none-eabi/lib/armv7e-m/libc_nano.a
END GROUP
                0x0000000020005000                __stack = (ORIGIN (RAM) + LENGTH (RAM))
                0x0000000020005000                _estack = __stack
                0x0000000000000400                __Main_Stack_Size = 0x400
                [!provide]                        PROVIDE (_Main_Stack_Size, __Main_Stack_Size)
                0x0000000020004c00                __Main_Stack_Limit = (__stack - __Main_Stack_Size)
                [!provide]                        PROVIDE (_Main_Stack_Limit, __Main_Stack_Limit)
                0x0000000000000100                _Minimum_Stack_Size = 0x100
                0x0000000020000170                PROVIDE (_Heap_Begin, _end_noinit)
                0x0000000020004c00                PROVIDE (_Heap_Limit, (__stack - __Main_Stack_Size))

.isr_vector     0x0000000008000000      0x3ac
 FILL mask 0xff
                0x0000000008000000                __vectors_start = ABSOLUTE (.)
                0x0000000008000000                __vectors_start__ = ABSOLUTE (.)
 *(.isr_vector)
 .isr_vector    0x0000000008000000      0x194 ./system/src/cmsis/startup_stm32f401xe.o
                0x0000000008000000                g_pfnVectors
 *(.cfmconfig)
 *(.after_vectors .after_vectors.*)
 .after_vectors
                0x0000000008000194      0x114 ./system/src/newlib/_startup.o
                0x0000000008000194                _start
 .after_vectors
                0x00000000080002a8      0x104 ./system/src/cortexm/exception_handlers.o
                0x00000000080002a8                Reset_Handler
                0x00000000080002c8                HardFault_Handler_C
                0x0000000008000314                BusFault_Handler_C
                0x000000000800035c                UsageFault_Handler_C

.inits          0x00000000080003ac       0x28
                0x00000000080003ac                __data_regions_array_start = .
                0x00000000080003ac        0x4 LONG 0x8002694 LOADADDR (.data)
                0x00000000080003b0        0x4 LONG 0x20000000 ADDR (.data)
                0x00000000080003b4        0x4 LONG 0x20000078 (ADDR (.data) + SIZEOF (.data))
                0x00000000080003b8        0x4 LONG 0x8002694 LOADADDR (.data_CCMRAM)
                0x00000000080003bc        0x4 LONG 0x10000000 ADDR (.data_CCMRAM)
                0x00000000080003c0        0x4 LONG 0x10000000 (ADDR (.data_CCMRAM) + SIZEOF (.data_CCMRAM))
                0x00000000080003c4                __data_regions_array_end = .
                0x00000000080003c4                __bss_regions_array_start = .
                0x00000000080003c4        0x4 LONG 0x20000078 ADDR (.bss)
                0x00000000080003c8        0x4 LONG 0x20000170 (ADDR (.bss) + SIZEOF (.bss))
                0x00000000080003cc        0x4 LONG 0x10000000 ADDR (.bss_CCMRAM)
                0x00000000080003d0        0x4 LONG 0x10000000 (ADDR (.bss_CCMRAM) + SIZEOF (.bss_CCMRAM))
                0x00000000080003d4                __bss_regions_array_end = .
 *(.init)
 *(.fini)
                0x00000000080003d4                . = ALIGN (0x4)
                0x00000000080003d4                PROVIDE (__preinit_array_start, .)
 *(.preinit_array_sysinit .preinit_array_sysinit.*)
 *(.preinit_array_platform .preinit_array_platform.*)
 *(.preinit_array .preinit_array.*)
                0x00000000080003d4                PROVIDE (__preinit_array_end, .)
                0x00000000080003d4                . = ALIGN (0x4)
                0x00000000080003d4                PROVIDE (__init_array_start, .)
 *(SORT(.init_array.*))
 *(.init_array)
                0x00000000080003d4                PROVIDE (__init_array_end, .)
                0x00000000080003d4                . = ALIGN (0x4)
                0x00000000080003d4                PROVIDE (__fini_array_start, .)
 *(SORT(.fini_array.*))
 *(.fini_array)
                0x00000000080003d4                PROVIDE (__fini_array_end, .)

.flashtext
 *(.flashtext .flashtext.*)

.text           0x00000000080003e0     0x22ab
 *(.text .text.*)
 .text.HAL_InitTick
                0x00000000080003e0       0x2c ./system/src/stm32f4xx/stm32f4xx_hal.o
                0x00000000080003e0                HAL_InitTick
 .text.HAL_Init
                0x000000000800040c       0x34 ./system/src/stm32f4xx/stm32f4xx_hal.o
                0x000000000800040c                HAL_Init
 .text.HAL_IncTick
                0x0000000008000440       0x10 ./system/src/stm32f4xx/stm32f4xx_hal.o
                0x0000000008000440                HAL_IncTick
 .text.HAL_GetTick
                0x0000000008000450        0xc ./system/src/stm32f4xx/stm32f4xx_hal.o
                0x0000000008000450                HAL_GetTick
 .text.HAL_NVIC_SetPriorityGrouping
                0x000000000800045c       0x24 ./system/src/stm32f4xx/stm32f4xx_hal_cortex.o
                0x000000000800045c                HAL_NVIC_SetPriorityGrouping
 .text.HAL_NVIC_SetPriority
                0x0000000008000480       0x64 ./system/src/stm32f4xx/stm32f4xx_hal_cortex.o
                0x0000000008000480                HAL_NVIC_SetPriority
 .text.HAL_SYSTICK_Config
                0x00000000080004e4       0x2c ./system/src/stm32f4xx/stm32f4xx_hal_cortex.o
                0x00000000080004e4                HAL_SYSTICK_Config
 .text.HAL_SYSTICK_CLKSourceConfig
                0x0000000008000510       0x20 ./system/src/stm32f4xx/stm32f4xx_hal_cortex.o
                0x0000000008000510                HAL_SYSTICK_CLKSourceConfig
 .text.HAL_SYSTICK_Callback
                0x0000000008000530        0x4 ./system/src/stm32f4xx/stm32f4xx_hal_cortex.o
                0x0000000008000530                HAL_SYSTICK_Callback
 .text.HAL_SYSTICK_IRQHandler
                0x0000000008000534        0x8 ./system/src/stm32f4xx/stm32f4xx_hal_cortex.o
                0x0000000008000534                HAL_SYSTICK_IRQHandler
 .text.HAL_GPIO_Init
                0x000000000800053c      0x19c ./system/src/stm32f4xx/stm32f4xx_hal_gpio.o
                0x000000000800053c                HAL_GPIO_Init
 .text.I2C_IsAcknowledgeFailed
                0x00000000080006d8       0x2c ./system/src/stm32f4xx/stm32f4xx_hal_i2c.o
 .text.I2C_WaitOnFlagUntilTimeout
                0x0000000008000704       0x68 ./system/src/stm32f4xx/stm32f4xx_hal_i2c.o
 .text.I2C_WaitOnMasterAddressFlagUntilTimeout
                0x000000000800076c       0x94 ./system/src/stm32f4xx/stm32f4xx_hal_i2c.o
 .text.I2C_WaitOnTXEFlagUntilTimeout
                0x0000000008000800       0x50 ./system/src/stm32f4xx/stm32f4xx_hal_i2c.o
 .text.I2C_RequestMemoryRead
                0x0000000008000850      0x148 ./system/src/stm32f4xx/stm32f4xx_hal_i2c.o
 .text.I2C_WaitOnRXNEFlagUntilTimeout
                0x0000000008000998       0x60 ./system/src/stm32f4xx/stm32f4xx_hal_i2c.o
 .text.HAL_I2C_Init
                0x00000000080009f8      0x11c ./system/src/stm32f4xx/stm32f4xx_hal_i2c.o
                0x00000000080009f8                HAL_I2C_Init
 .text.HAL_I2C_Mem_Read
                0x0000000008000b14      0x300 ./system/src/stm32f4xx/stm32f4xx_hal_i2c.o
                0x0000000008000b14                HAL_I2C_Mem_Read
 .text.HAL_RCC_OscConfig
                0x0000000008000e14      0x3a0 ./system/src/stm32f4xx/stm32f4xx_hal_rcc.o
                0x0000000008000e14                HAL_RCC_OscConfig
 .text.HAL_RCC_GetSysClockFreq
                0x00000000080011b4       0xa0 ./system/src/stm32f4xx/stm32f4xx_hal_rcc.o
                0x00000000080011b4                HAL_RCC_GetSysClockFreq
 .text.HAL_RCC_ClockConfig
                0x0000000008001254      0x160 ./system/src/stm32f4xx/stm32f4xx_hal_rcc.o
                0x0000000008001254                HAL_RCC_ClockConfig
 .text.HAL_RCC_GetHCLKFreq
                0x00000000080013b4        0xc ./system/src/stm32f4xx/stm32f4xx_hal_rcc.o
                0x00000000080013b4                HAL_RCC_GetHCLKFreq
 .text.HAL_RCC_GetPCLK1Freq
                0x00000000080013c0       0x20 ./system/src/stm32f4xx/stm32f4xx_hal_rcc.o
                0x00000000080013c0                HAL_RCC_GetPCLK1Freq
 .text._exit    0x00000000080013e0        0x4 ./system/src/newlib/_exit.o
                0x00000000080013e0                _exit
 .text._sbrk    0x00000000080013e4       0x44 ./system/src/newlib/_sbrk.o
                0x00000000080013e4                _sbrk
 .text.__initialize_args
                0x0000000008001428       0x10 ./system/src/newlib/_syscalls.o
                0x0000000008001428                __initialize_args
 .text.trace_printf
                0x0000000008001438       0x30 ./system/src/diag/Trace.o
                0x0000000008001438                trace_printf
 .text.trace_write
                0x0000000008001468        0x8 ./system/src/diag/trace_impl.o
                0x0000000008001468                trace_write
 .text.__initialize_hardware_early
                0x0000000008001470       0x18 ./system/src/cortexm/_initialize_hardware.o
                0x0000000008001470                __initialize_hardware_early
 .text.__initialize_hardware
                0x0000000008001488        0x8 ./system/src/cortexm/_initialize_hardware.o
                0x0000000008001488                __initialize_hardware
 .text.dumpExceptionStack
                0x0000000008001490       0xf0 ./system/src/cortexm/exception_handlers.o
                0x0000000008001490                dumpExceptionStack
 .text.Default_Handler
                0x0000000008001580        0x2 ./system/src/cmsis/startup_stm32f401xe.o
                0x0000000008001580                DMA1_Stream3_IRQHandler
                0x0000000008001580                EXTI2_IRQHandler
                0x0000000008001580                SPI4_IRQHandler
                0x0000000008001580                TIM1_CC_IRQHandler
                0x0000000008001580                DMA2_Stream5_IRQHandler
                0x0000000008001580                DMA1_Stream5_IRQHandler
                0x0000000008001580                PVD_IRQHandler
                0x0000000008001580                SDIO_IRQHandler
                0x0000000008001580                TAMP_STAMP_IRQHandler
                0x0000000008001580                EXTI3_IRQHandler
                0x0000000008001580                TIM1_UP_TIM10_IRQHandler
                0x0000000008001580                I2C3_ER_IRQHandler
                0x0000000008001580                EXTI0_IRQHandler
                0x0000000008001580                I2C2_EV_IRQHandler
                0x0000000008001580                DMA1_Stream2_IRQHandler
                0x0000000008001580                FPU_IRQHandler
                0x0000000008001580                DMA2_Stream2_IRQHandler
                0x0000000008001580                SPI1_IRQHandler
                0x0000000008001580                TIM1_BRK_TIM9_IRQHandler
                0x0000000008001580                DMA2_Stream3_IRQHandler
                0x0000000008001580                USART6_IRQHandler
                0x0000000008001580                DMA2_Stream0_IRQHandler
                0x0000000008001580                TIM4_IRQHandler
                0x0000000008001580                I2C1_EV_IRQHandler
                0x0000000008001580                DMA1_Stream6_IRQHandler
                0x0000000008001580                DMA1_Stream1_IRQHandler
                0x0000000008001580                TIM3_IRQHandler
                0x0000000008001580                RCC_IRQHandler
                0x0000000008001580                Default_Handler
                0x0000000008001580                EXTI15_10_IRQHandler
                0x0000000008001580                ADC_IRQHandler
                0x0000000008001580                DMA1_Stream7_IRQHandler
                0x0000000008001580                TIM5_IRQHandler
                0x0000000008001580                DMA2_Stream7_IRQHandler
                0x0000000008001580                I2C3_EV_IRQHandler
                0x0000000008001580                EXTI9_5_IRQHandler
                0x0000000008001580                RTC_WKUP_IRQHandler
                0x0000000008001580                SPI2_IRQHandler
                0x0000000008001580                DMA1_Stream0_IRQHandler
                0x0000000008001580                EXTI4_IRQHandler
                0x0000000008001580                WWDG_IRQHandler
                0x0000000008001580                TIM2_IRQHandler
                0x0000000008001580                OTG_FS_WKUP_IRQHandler
                0x0000000008001580                TIM1_TRG_COM_TIM11_IRQHandler
                0x0000000008001580                EXTI1_IRQHandler
                0x0000000008001580                USART2_IRQHandler
                0x0000000008001580                I2C2_ER_IRQHandler
                0x0000000008001580                DMA2_Stream1_IRQHandler
                0x0000000008001580                FLASH_IRQHandler
                0x0000000008001580                DMA2_Stream4_IRQHandler
                0x0000000008001580                USART1_IRQHandler
                0x0000000008001580                OTG_FS_IRQHandler
                0x0000000008001580                SPI3_IRQHandler
                0x0000000008001580                DMA1_Stream4_IRQHandler
                0x0000000008001580                I2C1_ER_IRQHandler
                0x0000000008001580                DMA2_Stream6_IRQHandler
                0x0000000008001580                RTC_Alarm_IRQHandler
 *fill*         0x0000000008001582        0x2 
 .text.SystemInit
                0x0000000008001584       0x40 ./system/src/cmsis/system_stm32f4xx.o
                0x0000000008001584                SystemInit
 .text.SystemCoreClockUpdate
                0x00000000080015c4       0xa0 ./system/src/cmsis/system_stm32f4xx.o
                0x00000000080015c4                SystemCoreClockUpdate
 .text.LSM303AGR_A_read_reg
                0x0000000008001664       0x28 ./src/LSM303AGR.o
                0x0000000008001664                LSM303AGR_A_read_reg
 .text.MX_GPIO_Init
                0x000000000800168c       0x24 ./src/main.o
 .text._Error_Handler
                0x00000000080016b0        0x4 ./src/main.o
                0x00000000080016b0                _Error_Handler
 .text.MX_I2C1_Init
                0x00000000080016b4       0x40 ./src/main.o
 .text.SystemClock_Config
                0x00000000080016f4       0xac ./src/main.o
                0x00000000080016f4                SystemClock_Config
 .text.main     0x00000000080017a0       0x20 ./src/main.o
                0x00000000080017a0                main
 .text.HAL_MspInit
                0x00000000080017c0       0x60 ./src/stm32f4xx_hal_msp.o
                0x00000000080017c0                HAL_MspInit
 .text.HAL_I2C_MspInit
                0x0000000008001820       0x58 ./src/stm32f4xx_hal_msp.o
                0x0000000008001820                HAL_I2C_MspInit
 .text.NMI_Handler
                0x0000000008001878        0x4 ./src/stm32f4xx_it.o
                0x0000000008001878                NMI_Handler
 .text.HardFault_Handler
                0x000000000800187c        0x4 ./src/stm32f4xx_it.o
                0x000000000800187c                HardFault_Handler
 .text.MemManage_Handler
                0x0000000008001880        0x4 ./src/stm32f4xx_it.o
                0x0000000008001880                MemManage_Handler
 .text.BusFault_Handler
                0x0000000008001884        0x4 ./src/stm32f4xx_it.o
                0x0000000008001884                BusFault_Handler
 .text.UsageFault_Handler
                0x0000000008001888        0x4 ./src/stm32f4xx_it.o
                0x0000000008001888                UsageFault_Handler
 .text.SVC_Handler
                0x000000000800188c        0x4 ./src/stm32f4xx_it.o
                0x000000000800188c                SVC_Handler
 .text.DebugMon_Handler
                0x0000000008001890        0x4 ./src/stm32f4xx_it.o
                0x0000000008001890                DebugMon_Handler
 .text.PendSV_Handler
                0x0000000008001894        0x4 ./src/stm32f4xx_it.o
                0x0000000008001894                PendSV_Handler
 .text.SysTick_Handler
                0x0000000008001898        0xc ./src/stm32f4xx_it.o
                0x0000000008001898                SysTick_Handler
 .text          0x00000000080018a4       0x30 /Users/manupepermans/STM32Toolchain/gcc-arm/bin/../lib/gcc/arm-none-eabi/5.4.1/armv7e-m/libgcc.a(_aeabi_uldivmod.o)
                0x00000000080018a4                __aeabi_uldivmod
 .text          0x00000000080018d4      0x2e4 /Users/manupepermans/STM32Toolchain/gcc-arm/bin/../lib/gcc/arm-none-eabi/5.4.1/armv7e-m/libgcc.a(_udivmoddi4.o)
                0x00000000080018d4                __udivmoddi4
 .text          0x0000000008001bb8        0x4 /Users/manupepermans/STM32Toolchain/gcc-arm/bin/../lib/gcc/arm-none-eabi/5.4.1/armv7e-m/libgcc.a(_dvmd_tls.o)
                0x0000000008001bb8                __aeabi_ldiv0
                0x0000000008001bb8                __aeabi_idiv0
 .text.__errno  0x0000000008001bbc        0xc /Users/manupepermans/STM32Toolchain/gcc-arm/bin/../lib/gcc/arm-none-eabi/5.4.1/../../../../arm-none-eabi/lib/armv7e-m/libg_nano.a(lib_a-errno.o)
                0x0000000008001bbc                __errno
 .text.memcpy   0x0000000008001bc8       0x16 /Users/manupepermans/STM32Toolchain/gcc-arm/bin/../lib/gcc/arm-none-eabi/5.4.1/../../../../arm-none-eabi/lib/armv7e-m/libg_nano.a(lib_a-memcpy-stub.o)
                0x0000000008001bc8                memcpy
 *fill*         0x0000000008001bde        0x2 
 .text._free_r  0x0000000008001be0       0x9c /Users/manupepermans/STM32Toolchain/gcc-arm/bin/../lib/gcc/arm-none-eabi/5.4.1/../../../../arm-none-eabi/lib/armv7e-m/libg_nano.a(lib_a-nano-freer.o)
                0x0000000008001be0                _free_r
 .text._malloc_r
                0x0000000008001c7c       0xbc /Users/manupepermans/STM32Toolchain/gcc-arm/bin/../lib/gcc/arm-none-eabi/5.4.1/../../../../arm-none-eabi/lib/armv7e-m/libg_nano.a(lib_a-nano-mallocr.o)
                0x0000000008001c7c                _malloc_r
 .text._sbrk_r  0x0000000008001d38       0x20 /Users/manupepermans/STM32Toolchain/gcc-arm/bin/../lib/gcc/arm-none-eabi/5.4.1/../../../../arm-none-eabi/lib/armv7e-m/libg_nano.a(lib_a-sbrkr.o)
                0x0000000008001d38                _sbrk_r
 .text._vsnprintf_r
                0x0000000008001d58       0x56 /Users/manupepermans/STM32Toolchain/gcc-arm/bin/../lib/gcc/arm-none-eabi/5.4.1/../../../../arm-none-eabi/lib/armv7e-m/libg_nano.a(lib_a-vsnprintf.o)
                0x0000000008001d58                _vsnprintf_r
                0x0000000008001d58                _vsniprintf_r
 *fill*         0x0000000008001dae        0x2 
 .text.vsnprintf
                0x0000000008001db0       0x1c /Users/manupepermans/STM32Toolchain/gcc-arm/bin/../lib/gcc/arm-none-eabi/5.4.1/../../../../arm-none-eabi/lib/armv7e-m/libg_nano.a(lib_a-vsnprintf.o)
                0x0000000008001db0                vsnprintf
                0x0000000008001db0                vsniprintf
 .text.__malloc_lock
                0x0000000008001dcc        0x2 /Users/manupepermans/STM32Toolchain/gcc-arm/bin/../lib/gcc/arm-none-eabi/5.4.1/../../../../arm-none-eabi/lib/armv7e-m/libg_nano.a(lib_a-mlock.o)
                0x0000000008001dcc                __malloc_lock
 .text.__malloc_unlock
                0x0000000008001dce        0x2 /Users/manupepermans/STM32Toolchain/gcc-arm/bin/../lib/gcc/arm-none-eabi/5.4.1/../../../../arm-none-eabi/lib/armv7e-m/libg_nano.a(lib_a-mlock.o)
                0x0000000008001dce                __malloc_unlock
 .text.__ssputs_r
                0x0000000008001dd0       0xb2 /Users/manupepermans/STM32Toolchain/gcc-arm/bin/../lib/gcc/arm-none-eabi/5.4.1/../../../../arm-none-eabi/lib/armv7e-m/libg_nano.a(lib_a-nano-svfprintf.o)
                0x0000000008001dd0                __ssputs_r
 *fill*         0x0000000008001e82        0x2 
 .text._svfprintf_r
                0x0000000008001e84      0x1e8 /Users/manupepermans/STM32Toolchain/gcc-arm/bin/../lib/gcc/arm-none-eabi/5.4.1/../../../../arm-none-eabi/lib/armv7e-m/libg_nano.a(lib_a-nano-svfprintf.o)
                0x0000000008001e84                _svfprintf_r
                0x0000000008001e84                _svfiprintf_r
 .text._printf_common
                0x000000000800206c       0xec /Users/manupepermans/STM32Toolchain/gcc-arm/bin/../lib/gcc/arm-none-eabi/5.4.1/../../../../arm-none-eabi/lib/armv7e-m/libg_nano.a(lib_a-nano-vfprintf_i.o)
                0x000000000800206c                _printf_common
 .text._printf_i
                0x0000000008002158      0x24c /Users/manupepermans/STM32Toolchain/gcc-arm/bin/../lib/gcc/arm-none-eabi/5.4.1/../../../../arm-none-eabi/lib/armv7e-m/libg_nano.a(lib_a-nano-vfprintf_i.o)
                0x0000000008002158                _printf_i
 *fill*         0x00000000080023a4        0xc 
 .text          0x00000000080023b0       0xa0 /Users/manupepermans/STM32Toolchain/gcc-arm/bin/../lib/gcc/arm-none-eabi/5.4.1/../../../../arm-none-eabi/lib/armv7e-m/libg_nano.a(lib_a-memchr.o)
                0x00000000080023b0                memchr
 .text.memmove  0x0000000008002450       0x36 /Users/manupepermans/STM32Toolchain/gcc-arm/bin/../lib/gcc/arm-none-eabi/5.4.1/../../../../arm-none-eabi/lib/armv7e-m/libg_nano.a(lib_a-memmove.o)
                0x0000000008002450                memmove
 .text._realloc_r
                0x0000000008002486       0x4c /Users/manupepermans/STM32Toolchain/gcc-arm/bin/../lib/gcc/arm-none-eabi/5.4.1/../../../../arm-none-eabi/lib/armv7e-m/libg_nano.a(lib_a-nano-reallocr.o)
                0x0000000008002486                _realloc_r
 .text._malloc_usable_size_r
                0x00000000080024d2       0x14 /Users/manupepermans/STM32Toolchain/gcc-arm/bin/../lib/gcc/arm-none-eabi/5.4.1/../../../../arm-none-eabi/lib/armv7e-m/libg_nano.a(lib_a-nano-msizer.o)
                0x00000000080024d2                _malloc_usable_size_r
 *(.rodata .rodata.* .constdata .constdata.*)
 *fill*         0x00000000080024e6        0x2 
 .rodata.str1.4
                0x00000000080024e8      0x146 ./system/src/cortexm/exception_handlers.o
 *fill*         0x000000000800262e        0x2 
 .rodata.AHBPrescTable
                0x0000000008002630       0x10 ./system/src/cmsis/system_stm32f4xx.o
                0x0000000008002630                AHBPrescTable
 .rodata.APBPrescTable
                0x0000000008002640        0x8 ./system/src/cmsis/system_stm32f4xx.o
                0x0000000008002640                APBPrescTable
 .rodata.str1.4
                0x0000000008002648       0x10 ./src/main.o
                                          0xe (size before relaxing)
 .rodata.str1.1
                0x0000000008002658       0x11 /Users/manupepermans/STM32Toolchain/gcc-arm/bin/../lib/gcc/arm-none-eabi/5.4.1/../../../../arm-none-eabi/lib/armv7e-m/libg_nano.a(lib_a-nano-svfprintf.o)
 .rodata.str1.1
                0x0000000008002669       0x22 /Users/manupepermans/STM32Toolchain/gcc-arm/bin/../lib/gcc/arm-none-eabi/5.4.1/../../../../arm-none-eabi/lib/armv7e-m/libg_nano.a(lib_a-nano-vfprintf_i.o)
 *(vtable)
 *(.eh_frame*)
 *(.glue_7)
 .glue_7        0x000000000800268b        0x0 linker stubs
 *(.glue_7t)
 .glue_7t       0x000000000800268b        0x0 linker stubs

.vfp11_veneer   0x000000000800268c        0x0
 .vfp11_veneer  0x000000000800268c        0x0 linker stubs

.v4_bx          0x000000000800268c        0x0
 .v4_bx         0x000000000800268c        0x0 linker stubs

.iplt           0x000000000800268c        0x0
 .iplt          0x000000000800268c        0x0 ./system/src/stm32f4xx/stm32f4xx_hal.o

.ARM.extab
 *(.ARM.extab* .gnu.linkonce.armextab.*)
                0x000000000800268c                . = ALIGN (0x4)
                0x000000000800268c                __exidx_start = .

.ARM.exidx      0x000000000800268c        0x8
 *(.ARM.exidx* .gnu.linkonce.armexidx.*)
 .ARM.exidx     0x000000000800268c        0x8 /Users/manupepermans/STM32Toolchain/gcc-arm/bin/../lib/gcc/arm-none-eabi/5.4.1/armv7e-m/libgcc.a(_udivmoddi4.o)
                0x0000000008002694                __exidx_end = .

.rel.dyn        0x0000000008002694        0x0
 .rel.iplt      0x0000000008002694        0x0 ./system/src/stm32f4xx/stm32f4xx_hal.o
                0x0000000008002694                . = ALIGN (0x4)
                0x0000000008002694                _etext = .
                0x0000000008002694                __etext = .

.data_CCMRAM    0x0000000010000000        0x0 load address 0x0000000008002694
 FILL mask 0xff
 *(.data.CCMRAM .data.CCMRAM.*)
                0x0000000010000000                . = ALIGN (0x4)
                0x0000000008002694                _sidata = LOADADDR (.data)

.data           0x0000000020000000       0x78 load address 0x0000000008002694
 FILL mask 0xff
                0x0000000020000000                _sdata = .
                0x0000000020000000                __data_start__ = .
 *(.data_begin .data_begin.*)
 .data_begin    0x0000000020000000        0x4 ./system/src/newlib/_startup.o
 *(.data .data.*)
 .data.argv.4290
                0x0000000020000004        0x8 ./system/src/newlib/_syscalls.o
 .data.SystemCoreClock
                0x000000002000000c        0x4 ./system/src/cmsis/system_stm32f4xx.o
                0x000000002000000c                SystemCoreClock
 .data.impure_data
                0x0000000020000010       0x60 /Users/manupepermans/STM32Toolchain/gcc-arm/bin/../lib/gcc/arm-none-eabi/5.4.1/../../../../arm-none-eabi/lib/armv7e-m/libg_nano.a(lib_a-impure.o)
 .data._impure_ptr
                0x0000000020000070        0x4 /Users/manupepermans/STM32Toolchain/gcc-arm/bin/../lib/gcc/arm-none-eabi/5.4.1/../../../../arm-none-eabi/lib/armv7e-m/libg_nano.a(lib_a-impure.o)
                0x0000000020000070                _impure_ptr
 *(.data_end .data_end.*)
 .data_end      0x0000000020000074        0x4 ./system/src/newlib/_startup.o
                0x0000000020000078                . = ALIGN (0x4)
                0x0000000020000078                _edata = .
                0x0000000020000078                __data_end__ = .

.igot.plt       0x0000000020000078        0x0 load address 0x000000000800270c
 .igot.plt      0x0000000020000078        0x0 ./system/src/stm32f4xx/stm32f4xx_hal.o

.bss_CCMRAM     0x0000000010000000        0x0
 *(.bss.CCMRAM .bss.CCMRAM.*)

.bss            0x0000000020000078       0xf8
                0x0000000020000078                __bss_start__ = .
                0x0000000020000078                _sbss = .
 *(.bss_begin .bss_begin.*)
 .bss_begin     0x0000000020000078        0x4 ./system/src/newlib/_startup.o
 *(.bss .bss.*)
 .bss.current_heap_end.3974
                0x000000002000007c        0x4 ./system/src/newlib/_sbrk.o
 .bss.name.4289
                0x0000000020000080        0x1 ./system/src/newlib/_syscalls.o
 *fill*         0x0000000020000081        0x3 
 .bss.buf.5179  0x0000000020000084       0x80 ./system/src/diag/Trace.o
 .bss.hi2cSensor
                0x0000000020000104        0x4 ./src/LSM303AGR.o
 .bss.__malloc_sbrk_start
                0x0000000020000108        0x4 /Users/manupepermans/STM32Toolchain/gcc-arm/bin/../lib/gcc/arm-none-eabi/5.4.1/../../../../arm-none-eabi/lib/armv7e-m/libg_nano.a(lib_a-nano-mallocr.o)
                0x0000000020000108                __malloc_sbrk_start
 .bss.__malloc_free_list
                0x000000002000010c        0x4 /Users/manupepermans/STM32Toolchain/gcc-arm/bin/../lib/gcc/arm-none-eabi/5.4.1/../../../../arm-none-eabi/lib/armv7e-m/libg_nano.a(lib_a-nano-mallocr.o)
                0x000000002000010c                __malloc_free_list
 *(COMMON)
 COMMON         0x0000000020000110        0x4 ./system/src/stm32f4xx/stm32f4xx_hal.o
                0x0000000020000110                uwTick
 COMMON         0x0000000020000114        0x4 ./system/src/newlib/_syscalls.o
                0x0000000020000114                errno
 COMMON         0x0000000020000118       0x54 ./src/main.o
                0x0000000020000118                hi2c1
 *(.bss_end .bss_end.*)
 .bss_end       0x000000002000016c        0x4 ./system/src/newlib/_startup.o
                0x0000000020000170                . = ALIGN (0x4)
                0x0000000020000170                __bss_end__ = .
                0x0000000020000170                _ebss = .

.noinit_CCMRAM
 *(.noinit.CCMRAM .noinit.CCMRAM.*)

.noinit         0x0000000020000170        0x0
                0x0000000020000170                _noinit = .
 *(.noinit .noinit.*)
                0x0000000020000170                . = ALIGN (0x4)
                0x0000000020000170                _end_noinit = .
                [!provide]                        PROVIDE (end, _end_noinit)
                [!provide]                        PROVIDE (_end, _end_noinit)
                [!provide]                        PROVIDE (__end, _end_noinit)
                [!provide]                        PROVIDE (__end__, _end_noinit)

._check_stack   0x0000000020000170      0x100
                0x0000000020000270                . = (. + _Minimum_Stack_Size)
 *fill*         0x0000000020000170      0x100 

.b1text
 *(.b1text)
 *(.b1rodata)
 *(.b1rodata.*)

.eb0text
 *(.eb0text)
 *(.eb0rodata)
 *(.eb0rodata.*)

.eb1text
 *(.eb1text)
 *(.eb1rodata)
 *(.eb1rodata.*)

.eb2text
 *(.eb2text)
 *(.eb2rodata)
 *(.eb2rodata.*)

.eb3text
 *(.eb3text)
 *(.eb3rodata)
 *(.eb3rodata.*)

.stab
 *(.stab)

.stabstr
 *(.stabstr)

.stab.excl
 *(.stab.excl)

.stab.exclstr
 *(.stab.exclstr)

.stab.index
 *(.stab.index)

.stab.indexstr
 *(.stab.indexstr)

.comment        0x0000000000000000       0x6e
 *(.comment)
 .comment       0x0000000000000000       0x6e ./system/src/stm32f4xx/stm32f4xx_hal.o
                                         0x6f (size before relaxing)
 .comment       0x000000000000006e       0x6f ./system/src/stm32f4xx/stm32f4xx_hal_cortex.o
 .comment       0x000000000000006e       0x6f ./system/src/stm32f4xx/stm32f4xx_hal_gpio.o
 .comment       0x000000000000006e       0x6f ./system/src/stm32f4xx/stm32f4xx_hal_i2c.o
 .comment       0x000000000000006e       0x6f ./system/src/stm32f4xx/stm32f4xx_hal_rcc.o
 .comment       0x000000000000006e       0x6f ./system/src/newlib/_exit.o
 .comment       0x000000000000006e       0x6f ./system/src/newlib/_sbrk.o
 .comment       0x000000000000006e       0x6f ./system/src/newlib/_startup.o
 .comment       0x000000000000006e       0x6f ./system/src/newlib/_syscalls.o
 .comment       0x000000000000006e       0x6f ./system/src/diag/Trace.o
 .comment       0x000000000000006e       0x6f ./system/src/diag/trace_impl.o
 .comment       0x000000000000006e       0x6f ./system/src/cortexm/_initialize_hardware.o
 .comment       0x000000000000006e       0x6f ./system/src/cortexm/exception_handlers.o
 .comment       0x000000000000006e       0x6f ./system/src/cmsis/system_stm32f4xx.o
 .comment       0x000000000000006e       0x6f ./src/LSM303AGR.o
 .comment       0x000000000000006e       0x6f ./src/main.o
 .comment       0x000000000000006e       0x6f ./src/stm32f4xx_hal_msp.o
 .comment       0x000000000000006e       0x6f ./src/stm32f4xx_it.o

.ARM.attributes
                0x0000000000000000       0x31
 .ARM.attributes
                0x0000000000000000       0x33 ./system/src/stm32f4xx/stm32f4xx_hal.o
 .ARM.attributes
                0x0000000000000033       0x33 ./system/src/stm32f4xx/stm32f4xx_hal_cortex.o
 .ARM.attributes
                0x0000000000000066       0x33 ./system/src/stm32f4xx/stm32f4xx_hal_gpio.o
 .ARM.attributes
                0x0000000000000099       0x33 ./system/src/stm32f4xx/stm32f4xx_hal_i2c.o
 .ARM.attributes
                0x00000000000000cc       0x33 ./system/src/stm32f4xx/stm32f4xx_hal_rcc.o
 .ARM.attributes
                0x00000000000000ff       0x33 ./system/src/newlib/_exit.o
 .ARM.attributes
                0x0000000000000132       0x33 ./system/src/newlib/_sbrk.o
 .ARM.attributes
                0x0000000000000165       0x33 ./system/src/newlib/_startup.o
 .ARM.attributes
                0x0000000000000198       0x33 ./system/src/newlib/_syscalls.o
 .ARM.attributes
                0x00000000000001cb       0x33 ./system/src/diag/Trace.o
 .ARM.attributes
                0x00000000000001fe       0x33 ./system/src/diag/trace_impl.o
 .ARM.attributes
                0x0000000000000231       0x33 ./system/src/cortexm/_initialize_hardware.o
 .ARM.attributes
                0x0000000000000264       0x33 ./system/src/cortexm/exception_handlers.o
 .ARM.attributes
                0x0000000000000297       0x21 ./system/src/cmsis/startup_stm32f401xe.o
 .ARM.attributes
                0x00000000000002b8       0x33 ./system/src/cmsis/system_stm32f4xx.o
 .ARM.attributes
                0x00000000000002eb       0x33 ./src/LSM303AGR.o
 .ARM.attributes
                0x000000000000031e       0x33 ./src/main.o
 .ARM.attributes
                0x0000000000000351       0x33 ./src/stm32f4xx_hal_msp.o
 .ARM.attributes
                0x0000000000000384       0x33 ./src/stm32f4xx_it.o
 .ARM.attributes
                0x00000000000003b7       0x1e /Users/manupepermans/STM32Toolchain/gcc-arm/bin/../lib/gcc/arm-none-eabi/5.4.1/armv7e-m/libgcc.a(_aeabi_uldivmod.o)
 .ARM.attributes
                0x00000000000003d5       0x2e /Users/manupepermans/STM32Toolchain/gcc-arm/bin/../lib/gcc/arm-none-eabi/5.4.1/armv7e-m/libgcc.a(_udivmoddi4.o)
 .ARM.attributes
                0x0000000000000403       0x1e /Users/manupepermans/STM32Toolchain/gcc-arm/bin/../lib/gcc/arm-none-eabi/5.4.1/armv7e-m/libgcc.a(_dvmd_tls.o)
 .ARM.attributes
                0x0000000000000421       0x2e /Users/manupepermans/STM32Toolchain/gcc-arm/bin/../lib/gcc/arm-none-eabi/5.4.1/../../../../arm-none-eabi/lib/armv7e-m/libg_nano.a(lib_a-errno.o)
 .ARM.attributes
                0x000000000000044f       0x2e /Users/manupepermans/STM32Toolchain/gcc-arm/bin/../lib/gcc/arm-none-eabi/5.4.1/../../../../arm-none-eabi/lib/armv7e-m/libg_nano.a(lib_a-impure.o)
 .ARM.attributes
                0x000000000000047d       0x2e /Users/manupepermans/STM32Toolchain/gcc-arm/bin/../lib/gcc/arm-none-eabi/5.4.1/../../../../arm-none-eabi/lib/armv7e-m/libg_nano.a(lib_a-memcpy-stub.o)
 .ARM.attributes
                0x00000000000004ab       0x2e /Users/manupepermans/STM32Toolchain/gcc-arm/bin/../lib/gcc/arm-none-eabi/5.4.1/../../../../arm-none-eabi/lib/armv7e-m/libg_nano.a(lib_a-nano-freer.o)
 .ARM.attributes
                0x00000000000004d9       0x2e /Users/manupepermans/STM32Toolchain/gcc-arm/bin/../lib/gcc/arm-none-eabi/5.4.1/../../../../arm-none-eabi/lib/armv7e-m/libg_nano.a(lib_a-nano-mallocr.o)
 .ARM.attributes
                0x0000000000000507       0x2e /Users/manupepermans/STM32Toolchain/gcc-arm/bin/../lib/gcc/arm-none-eabi/5.4.1/../../../../arm-none-eabi/lib/armv7e-m/libg_nano.a(lib_a-sbrkr.o)
 .ARM.attributes
                0x0000000000000535       0x2e /Users/manupepermans/STM32Toolchain/gcc-arm/bin/../lib/gcc/arm-none-eabi/5.4.1/../../../../arm-none-eabi/lib/armv7e-m/libg_nano.a(lib_a-vsnprintf.o)
 .ARM.attributes
                0x0000000000000563       0x2e /Users/manupepermans/STM32Toolchain/gcc-arm/bin/../lib/gcc/arm-none-eabi/5.4.1/../../../../arm-none-eabi/lib/armv7e-m/libg_nano.a(lib_a-mlock.o)
 .ARM.attributes
                0x0000000000000591       0x2e /Users/manupepermans/STM32Toolchain/gcc-arm/bin/../lib/gcc/arm-none-eabi/5.4.1/../../../../arm-none-eabi/lib/armv7e-m/libg_nano.a(lib_a-nano-svfprintf.o)
 .ARM.attributes
                0x00000000000005bf       0x2e /Users/manupepermans/STM32Toolchain/gcc-arm/bin/../lib/gcc/arm-none-eabi/5.4.1/../../../../arm-none-eabi/lib/armv7e-m/libg_nano.a(lib_a-nano-vfprintf_i.o)
 .ARM.attributes
                0x00000000000005ed       0x1c /Users/manupepermans/STM32Toolchain/gcc-arm/bin/../lib/gcc/arm-none-eabi/5.4.1/../../../../arm-none-eabi/lib/armv7e-m/libg_nano.a(lib_a-memchr.o)
 .ARM.attributes
                0x0000000000000609       0x2e /Users/manupepermans/STM32Toolchain/gcc-arm/bin/../lib/gcc/arm-none-eabi/5.4.1/../../../../arm-none-eabi/lib/armv7e-m/libg_nano.a(lib_a-memmove.o)
 .ARM.attributes
                0x0000000000000637       0x2e /Users/manupepermans/STM32Toolchain/gcc-arm/bin/../lib/gcc/arm-none-eabi/5.4.1/../../../../arm-none-eabi/lib/armv7e-m/libg_nano.a(lib_a-nano-reallocr.o)
 .ARM.attributes
                0x0000000000000665       0x2e /Users/manupepermans/STM32Toolchain/gcc-arm/bin/../lib/gcc/arm-none-eabi/5.4.1/../../../../arm-none-eabi/lib/armv7e-m/libg_nano.a(lib_a-nano-msizer.o)

.debug
 *(.debug)

.line
 *(.line)

.debug_srcinfo
 *(.debug_srcinfo)

.debug_sfnames
 *(.debug_sfnames)

.debug_aranges  0x0000000000000000      0x7d0
 *(.debug_aranges)
 .debug_aranges
                0x0000000000000000       0xc8 ./system/src/stm32f4xx/stm32f4xx_hal.o
 .debug_aranges
                0x00000000000000c8       0xa8 ./system/src/stm32f4xx/stm32f4xx_hal_cortex.o
 .debug_aranges
                0x0000000000000170       0x58 ./system/src/stm32f4xx/stm32f4xx_hal_gpio.o
 .debug_aranges
                0x00000000000001c8      0x268 ./system/src/stm32f4xx/stm32f4xx_hal_i2c.o
 .debug_aranges
                0x0000000000000430       0x88 ./system/src/stm32f4xx/stm32f4xx_hal_rcc.o
 .debug_aranges
                0x00000000000004b8       0x28 ./system/src/newlib/_exit.o
 .debug_aranges
                0x00000000000004e0       0x20 ./system/src/newlib/_sbrk.o
 .debug_aranges
                0x0000000000000500       0x40 ./system/src/newlib/_startup.o
 .debug_aranges
                0x0000000000000540       0x30 ./system/src/newlib/_syscalls.o
 .debug_aranges
                0x0000000000000570       0x38 ./system/src/diag/Trace.o
 .debug_aranges
                0x00000000000005a8       0x28 ./system/src/diag/trace_impl.o
 .debug_aranges
                0x00000000000005d0       0x28 ./system/src/cortexm/_initialize_hardware.o
 .debug_aranges
                0x00000000000005f8       0x88 ./system/src/cortexm/exception_handlers.o
 .debug_aranges
                0x0000000000000680       0x28 ./system/src/cmsis/startup_stm32f401xe.o
 .debug_aranges
                0x00000000000006a8       0x28 ./system/src/cmsis/system_stm32f4xx.o
 .debug_aranges
                0x00000000000006d0       0x30 ./src/LSM303AGR.o
 .debug_aranges
                0x0000000000000700       0x40 ./src/main.o
 .debug_aranges
                0x0000000000000740       0x30 ./src/stm32f4xx_hal_msp.o
 .debug_aranges
                0x0000000000000770       0x60 ./src/stm32f4xx_it.o

.debug_pubnames
 *(.debug_pubnames)

.debug_info     0x0000000000000000     0x9333
 *(.debug_info .gnu.linkonce.wi.*)
 .debug_info    0x0000000000000000      0x81a ./system/src/stm32f4xx/stm32f4xx_hal.o
 .debug_info    0x000000000000081a      0xe56 ./system/src/stm32f4xx/stm32f4xx_hal_cortex.o
 .debug_info    0x0000000000001670      0x725 ./system/src/stm32f4xx/stm32f4xx_hal_gpio.o
 .debug_info    0x0000000000001d95     0x2e61 ./system/src/stm32f4xx/stm32f4xx_hal_i2c.o
 .debug_info    0x0000000000004bf6      0xa12 ./system/src/stm32f4xx/stm32f4xx_hal_rcc.o
 .debug_info    0x0000000000005608       0xef ./system/src/newlib/_exit.o
 .debug_info    0x00000000000056f7      0x11f ./system/src/newlib/_sbrk.o
 .debug_info    0x0000000000005816      0x455 ./system/src/newlib/_startup.o
 .debug_info    0x0000000000005c6b      0x1c7 ./system/src/newlib/_syscalls.o
 .debug_info    0x0000000000005e32      0x2e7 ./system/src/diag/Trace.o
 .debug_info    0x0000000000006119      0x114 ./system/src/diag/trace_impl.o
 .debug_info    0x000000000000622d      0x2b1 ./system/src/cortexm/_initialize_hardware.o
 .debug_info    0x00000000000064de      0x7b7 ./system/src/cortexm/exception_handlers.o
 .debug_info    0x0000000000006c95       0x89 ./system/src/cmsis/startup_stm32f401xe.o
 .debug_info    0x0000000000006d1e      0x4fb ./system/src/cmsis/system_stm32f4xx.o
 .debug_info    0x0000000000007219      0x6b6 ./src/LSM303AGR.o
 .debug_info    0x00000000000078cf      0xd38 ./src/main.o
 .debug_info    0x0000000000008607      0xbc4 ./src/stm32f4xx_hal_msp.o
 .debug_info    0x00000000000091cb      0x168 ./src/stm32f4xx_it.o

.debug_abbrev   0x0000000000000000     0x1b7f
 *(.debug_abbrev)
 .debug_abbrev  0x0000000000000000      0x232 ./system/src/stm32f4xx/stm32f4xx_hal.o
 .debug_abbrev  0x0000000000000232      0x2fe ./system/src/stm32f4xx/stm32f4xx_hal_cortex.o
 .debug_abbrev  0x0000000000000530      0x1cd ./system/src/stm32f4xx/stm32f4xx_hal_gpio.o
 .debug_abbrev  0x00000000000006fd      0x246 ./system/src/stm32f4xx/stm32f4xx_hal_i2c.o
 .debug_abbrev  0x0000000000000943      0x268 ./system/src/stm32f4xx/stm32f4xx_hal_rcc.o
 .debug_abbrev  0x0000000000000bab       0x8e ./system/src/newlib/_exit.o
 .debug_abbrev  0x0000000000000c39       0xb9 ./system/src/newlib/_sbrk.o
 .debug_abbrev  0x0000000000000cf2      0x1ac ./system/src/newlib/_startup.o
 .debug_abbrev  0x0000000000000e9e       0xec ./system/src/newlib/_syscalls.o
 .debug_abbrev  0x0000000000000f8a      0x156 ./system/src/diag/Trace.o
 .debug_abbrev  0x00000000000010e0       0xb4 ./system/src/diag/trace_impl.o
 .debug_abbrev  0x0000000000001194       0xea ./system/src/cortexm/_initialize_hardware.o
 .debug_abbrev  0x000000000000127e      0x1d4 ./system/src/cortexm/exception_handlers.o
 .debug_abbrev  0x0000000000001452       0x12 ./system/src/cmsis/startup_stm32f401xe.o
 .debug_abbrev  0x0000000000001464      0x104 ./system/src/cmsis/system_stm32f4xx.o
 .debug_abbrev  0x0000000000001568      0x17a ./src/LSM303AGR.o
 .debug_abbrev  0x00000000000016e2      0x231 ./src/main.o
 .debug_abbrev  0x0000000000001913      0x1a0 ./src/stm32f4xx_hal_msp.o
 .debug_abbrev  0x0000000000001ab3       0xcc ./src/stm32f4xx_it.o

.debug_line     0x0000000000000000     0x687e
 *(.debug_line)
 .debug_line    0x0000000000000000      0x739 ./system/src/stm32f4xx/stm32f4xx_hal.o
 .debug_line    0x0000000000000739      0x7a8 ./system/src/stm32f4xx/stm32f4xx_hal_cortex.o
 .debug_line    0x0000000000000ee1      0x702 ./system/src/stm32f4xx/stm32f4xx_hal_gpio.o
 .debug_line    0x00000000000015e3     0x15cd ./system/src/stm32f4xx/stm32f4xx_hal_i2c.o
 .debug_line    0x0000000000002bb0      0x81c ./system/src/stm32f4xx/stm32f4xx_hal_rcc.o
 .debug_line    0x00000000000033cc      0x309 ./system/src/newlib/_exit.o
 .debug_line    0x00000000000036d5      0x2ba ./system/src/newlib/_sbrk.o
 .debug_line    0x000000000000398f      0x370 ./system/src/newlib/_startup.o
 .debug_line    0x0000000000003cff      0x3c8 ./system/src/newlib/_syscalls.o
 .debug_line    0x00000000000040c7      0x377 ./system/src/diag/Trace.o
 .debug_line    0x000000000000443e      0x3ca ./system/src/diag/trace_impl.o
 .debug_line    0x0000000000004808      0x1ab ./system/src/cortexm/_initialize_hardware.o
 .debug_line    0x00000000000049b3      0x4b5 ./system/src/cortexm/exception_handlers.o
 .debug_line    0x0000000000004e68       0x88 ./system/src/cmsis/startup_stm32f401xe.o
 .debug_line    0x0000000000004ef0      0x1ab ./system/src/cmsis/system_stm32f4xx.o
 .debug_line    0x000000000000509b      0x5cb ./src/LSM303AGR.o
 .debug_line    0x0000000000005666      0x607 ./src/main.o
 .debug_line    0x0000000000005c6d      0x5dc ./src/stm32f4xx_hal_msp.o
 .debug_line    0x0000000000006249      0x635 ./src/stm32f4xx_it.o

.debug_frame    0x0000000000000000     0x15d0
 *(.debug_frame)
 .debug_frame   0x0000000000000000      0x198 ./system/src/stm32f4xx/stm32f4xx_hal.o
 .debug_frame   0x0000000000000198      0x154 ./system/src/stm32f4xx/stm32f4xx_hal_cortex.o
 .debug_frame   0x00000000000002ec       0xc4 ./system/src/stm32f4xx/stm32f4xx_hal_gpio.o
 .debug_frame   0x00000000000003b0      0x808 ./system/src/stm32f4xx/stm32f4xx_hal_i2c.o
 .debug_frame   0x0000000000000bb8      0x168 ./system/src/stm32f4xx/stm32f4xx_hal_rcc.o
 .debug_frame   0x0000000000000d20       0x38 ./system/src/newlib/_exit.o
 .debug_frame   0x0000000000000d58       0x28 ./system/src/newlib/_sbrk.o
 .debug_frame   0x0000000000000d80       0x7c ./system/src/newlib/_startup.o
 .debug_frame   0x0000000000000dfc       0x50 ./system/src/newlib/_syscalls.o
 .debug_frame   0x0000000000000e4c       0x94 ./system/src/diag/Trace.o
 .debug_frame   0x0000000000000ee0       0x30 ./system/src/diag/trace_impl.o
 .debug_frame   0x0000000000000f10       0x40 ./system/src/cortexm/_initialize_hardware.o
 .debug_frame   0x0000000000000f50      0x144 ./system/src/cortexm/exception_handlers.o
 .debug_frame   0x0000000000001094       0x30 ./system/src/cmsis/system_stm32f4xx.o
 .debug_frame   0x00000000000010c4       0x5c ./src/LSM303AGR.o
 .debug_frame   0x0000000000001120       0x84 ./src/main.o
 .debug_frame   0x00000000000011a4       0x60 ./src/stm32f4xx_hal_msp.o
 .debug_frame   0x0000000000001204       0xa8 ./src/stm32f4xx_it.o
 .debug_frame   0x00000000000012ac       0x2c /Users/manupepermans/STM32Toolchain/gcc-arm/bin/../lib/gcc/arm-none-eabi/5.4.1/armv7e-m/libgcc.a(_aeabi_uldivmod.o)
 .debug_frame   0x00000000000012d8       0x34 /Users/manupepermans/STM32Toolchain/gcc-arm/bin/../lib/gcc/arm-none-eabi/5.4.1/armv7e-m/libgcc.a(_udivmoddi4.o)
 .debug_frame   0x000000000000130c       0x20 /Users/manupepermans/STM32Toolchain/gcc-arm/bin/../lib/gcc/arm-none-eabi/5.4.1/../../../../arm-none-eabi/lib/armv7e-m/libg_nano.a(lib_a-errno.o)
 .debug_frame   0x000000000000132c       0x28 /Users/manupepermans/STM32Toolchain/gcc-arm/bin/../lib/gcc/arm-none-eabi/5.4.1/../../../../arm-none-eabi/lib/armv7e-m/libg_nano.a(lib_a-memcpy-stub.o)
 .debug_frame   0x0000000000001354       0x38 /Users/manupepermans/STM32Toolchain/gcc-arm/bin/../lib/gcc/arm-none-eabi/5.4.1/../../../../arm-none-eabi/lib/armv7e-m/libg_nano.a(lib_a-nano-freer.o)
 .debug_frame   0x000000000000138c       0x2c /Users/manupepermans/STM32Toolchain/gcc-arm/bin/../lib/gcc/arm-none-eabi/5.4.1/../../../../arm-none-eabi/lib/armv7e-m/libg_nano.a(lib_a-nano-mallocr.o)
 .debug_frame   0x00000000000013b8       0x2c /Users/manupepermans/STM32Toolchain/gcc-arm/bin/../lib/gcc/arm-none-eabi/5.4.1/../../../../arm-none-eabi/lib/armv7e-m/libg_nano.a(lib_a-sbrkr.o)
 .debug_frame   0x00000000000013e4       0x48 /Users/manupepermans/STM32Toolchain/gcc-arm/bin/../lib/gcc/arm-none-eabi/5.4.1/../../../../arm-none-eabi/lib/armv7e-m/libg_nano.a(lib_a-vsnprintf.o)
 .debug_frame   0x000000000000142c       0x30 /Users/manupepermans/STM32Toolchain/gcc-arm/bin/../lib/gcc/arm-none-eabi/5.4.1/../../../../arm-none-eabi/lib/armv7e-m/libg_nano.a(lib_a-mlock.o)
 .debug_frame   0x000000000000145c       0x90 /Users/manupepermans/STM32Toolchain/gcc-arm/bin/../lib/gcc/arm-none-eabi/5.4.1/../../../../arm-none-eabi/lib/armv7e-m/libg_nano.a(lib_a-nano-svfprintf.o)
 .debug_frame   0x00000000000014ec       0x60 /Users/manupepermans/STM32Toolchain/gcc-arm/bin/../lib/gcc/arm-none-eabi/5.4.1/../../../../arm-none-eabi/lib/armv7e-m/libg_nano.a(lib_a-nano-vfprintf_i.o)
 .debug_frame   0x000000000000154c       0x28 /Users/manupepermans/STM32Toolchain/gcc-arm/bin/../lib/gcc/arm-none-eabi/5.4.1/../../../../arm-none-eabi/lib/armv7e-m/libg_nano.a(lib_a-memmove.o)
 .debug_frame   0x0000000000001574       0x3c /Users/manupepermans/STM32Toolchain/gcc-arm/bin/../lib/gcc/arm-none-eabi/5.4.1/../../../../arm-none-eabi/lib/armv7e-m/libg_nano.a(lib_a-nano-reallocr.o)
 .debug_frame   0x00000000000015b0       0x20 /Users/manupepermans/STM32Toolchain/gcc-arm/bin/../lib/gcc/arm-none-eabi/5.4.1/../../../../arm-none-eabi/lib/armv7e-m/libg_nano.a(lib_a-nano-msizer.o)

.debug_str      0x0000000000000000    0x81113
 *(.debug_str)
 .debug_str     0x0000000000000000    0x7cca7 ./system/src/stm32f4xx/stm32f4xx_hal.o
                                      0x7d06c (size before relaxing)
 .debug_str     0x000000000007cca7      0x3aa ./system/src/stm32f4xx/stm32f4xx_hal_cortex.o
                                      0x7ce4a (size before relaxing)
 .debug_str     0x000000000007d051      0x27e ./system/src/stm32f4xx/stm32f4xx_hal_gpio.o
                                      0x7c946 (size before relaxing)
 .debug_str     0x000000000007d2cf      0xf2e ./system/src/stm32f4xx/stm32f4xx_hal_i2c.o
                                      0x7d54f (size before relaxing)
 .debug_str     0x000000000007e1fd      0x364 ./system/src/stm32f4xx/stm32f4xx_hal_rcc.o
                                      0x7cb18 (size before relaxing)
 .debug_str     0x000000000007e561     0x10b6 ./system/src/newlib/_exit.o
                                       0x6e79 (size before relaxing)
 .debug_str     0x000000000007f617      0x4de ./system/src/newlib/_sbrk.o
                                       0x6264 (size before relaxing)
 .debug_str     0x000000000007faf5      0x260 ./system/src/newlib/_startup.o
                                       0x5e19 (size before relaxing)
 .debug_str     0x000000000007fd55      0xe18 ./system/src/newlib/_syscalls.o
                                       0x70c4 (size before relaxing)
 .debug_str     0x0000000000080b6d      0x176 ./system/src/diag/Trace.o
                                       0x7669 (size before relaxing)
 .debug_str     0x0000000000080ce3       0x4b ./system/src/diag/trace_impl.o
                                      0x4f1af (size before relaxing)
 .debug_str     0x0000000000080d2e       0x5e ./system/src/cortexm/_initialize_hardware.o
                                      0x4b691 (size before relaxing)
 .debug_str     0x0000000000080d8c      0x1e5 ./system/src/cortexm/exception_handlers.o
                                      0x50010 (size before relaxing)
 .debug_str     0x0000000000080f71       0x84 ./system/src/cmsis/system_stm32f4xx.o
                                      0x4b7dc (size before relaxing)
 .debug_str     0x0000000000080ff5       0x86 ./src/LSM303AGR.o
                                      0x7cade (size before relaxing)
 .debug_str     0x000000000008107b       0x55 ./src/main.o
                                      0x7d113 (size before relaxing)
 .debug_str     0x00000000000810d0       0x1b ./src/stm32f4xx_hal_msp.o
                                      0x7cfcc (size before relaxing)
 .debug_str     0x00000000000810eb       0x28 ./src/stm32f4xx_it.o
                                      0x7c616 (size before relaxing)

.debug_loc      0x0000000000000000     0x4470
 *(.debug_loc)
 .debug_loc     0x0000000000000000       0x69 ./system/src/stm32f4xx/stm32f4xx_hal.o
 .debug_loc     0x0000000000000069      0x548 ./system/src/stm32f4xx/stm32f4xx_hal_cortex.o
 .debug_loc     0x00000000000005b1      0x39a ./system/src/stm32f4xx/stm32f4xx_hal_gpio.o
 .debug_loc     0x000000000000094b     0x2ec5 ./system/src/stm32f4xx/stm32f4xx_hal_i2c.o
 .debug_loc     0x0000000000003810      0x434 ./system/src/stm32f4xx/stm32f4xx_hal_rcc.o
 .debug_loc     0x0000000000003c44       0x82 ./system/src/newlib/_sbrk.o
 .debug_loc     0x0000000000003cc6      0x265 ./system/src/newlib/_startup.o
 .debug_loc     0x0000000000003f2b       0x63 ./system/src/newlib/_syscalls.o
 .debug_loc     0x0000000000003f8e      0x102 ./system/src/diag/Trace.o
 .debug_loc     0x0000000000004090       0x21 ./system/src/diag/trace_impl.o
 .debug_loc     0x00000000000040b1      0x184 ./system/src/cortexm/exception_handlers.o
 .debug_loc     0x0000000000004235      0x132 ./system/src/cmsis/system_stm32f4xx.o
 .debug_loc     0x0000000000004367       0xbc ./src/LSM303AGR.o
 .debug_loc     0x0000000000004423       0x4d ./src/stm32f4xx_hal_msp.o

.debug_macinfo
 *(.debug_macinfo)

.debug_weaknames
 *(.debug_weaknames)

.debug_funcnames
 *(.debug_funcnames)

.debug_typenames
 *(.debug_typenames)

.debug_varnames
 *(.debug_varnames)
OUTPUT(IKS01A2.elf elf32-littlearm)

.debug_ranges   0x0000000000000000      0x6c0
 .debug_ranges  0x0000000000000000       0xb8 ./system/src/stm32f4xx/stm32f4xx_hal.o
 .debug_ranges  0x00000000000000b8       0x98 ./system/src/stm32f4xx/stm32f4xx_hal_cortex.o
 .debug_ranges  0x0000000000000150       0x48 ./system/src/stm32f4xx/stm32f4xx_hal_gpio.o
 .debug_ranges  0x0000000000000198      0x258 ./system/src/stm32f4xx/stm32f4xx_hal_i2c.o
 .debug_ranges  0x00000000000003f0       0x78 ./system/src/stm32f4xx/stm32f4xx_hal_rcc.o
 .debug_ranges  0x0000000000000468       0x18 ./system/src/newlib/_exit.o
 .debug_ranges  0x0000000000000480       0x10 ./system/src/newlib/_sbrk.o
 .debug_ranges  0x0000000000000490       0x48 ./system/src/newlib/_startup.o
 .debug_ranges  0x00000000000004d8       0x20 ./system/src/newlib/_syscalls.o
 .debug_ranges  0x00000000000004f8       0x28 ./system/src/diag/Trace.o
 .debug_ranges  0x0000000000000520       0x18 ./system/src/diag/trace_impl.o
 .debug_ranges  0x0000000000000538       0x18 ./system/src/cortexm/_initialize_hardware.o
 .debug_ranges  0x0000000000000550       0x78 ./system/src/cortexm/exception_handlers.o
 .debug_ranges  0x00000000000005c8       0x20 ./system/src/cmsis/startup_stm32f401xe.o
 .debug_ranges  0x00000000000005e8       0x18 ./system/src/cmsis/system_stm32f4xx.o
 .debug_ranges  0x0000000000000600       0x20 ./src/LSM303AGR.o
 .debug_ranges  0x0000000000000620       0x30 ./src/main.o
 .debug_ranges  0x0000000000000650       0x20 ./src/stm32f4xx_hal_msp.o
 .debug_ranges  0x0000000000000670       0x50 ./src/stm32f4xx_it.o

.debug_macro    0x0000000000000000    0x16c1d
 .debug_macro   0x0000000000000000      0x34a ./system/src/stm32f4xx/stm32f4xx_hal.o
 .debug_macro   0x000000000000034a      0x880 ./system/src/stm32f4xx/stm32f4xx_hal.o
 .debug_macro   0x0000000000000bca       0x10 ./system/src/stm32f4xx/stm32f4xx_hal.o
 .debug_macro   0x0000000000000bda      0x17a ./system/src/stm32f4xx/stm32f4xx_hal.o
 .debug_macro   0x0000000000000d54       0x32 ./system/src/stm32f4xx/stm32f4xx_hal.o
 .debug_macro   0x0000000000000d86       0x28 ./system/src/stm32f4xx/stm32f4xx_hal.o
 .debug_macro   0x0000000000000dae      0x34e ./system/src/stm32f4xx/stm32f4xx_hal.o
 .debug_macro   0x00000000000010fc       0x35 ./system/src/stm32f4xx/stm32f4xx_hal.o
 .debug_macro   0x0000000000001131       0x50 ./system/src/stm32f4xx/stm32f4xx_hal.o
 .debug_macro   0x0000000000001181      0xe66 ./system/src/stm32f4xx/stm32f4xx_hal.o
 .debug_macro   0x0000000000001fe7     0xb71c ./system/src/stm32f4xx/stm32f4xx_hal.o
 .debug_macro   0x000000000000d703       0x43 ./system/src/stm32f4xx/stm32f4xx_hal.o
 .debug_macro   0x000000000000d746     0x3535 ./system/src/stm32f4xx/stm32f4xx_hal.o
 .debug_macro   0x0000000000010c7b       0x22 ./system/src/stm32f4xx/stm32f4xx_hal.o
 .debug_macro   0x0000000000010c9d       0x4c ./system/src/stm32f4xx/stm32f4xx_hal.o
 .debug_macro   0x0000000000010ce9       0x8d ./system/src/stm32f4xx/stm32f4xx_hal.o
 .debug_macro   0x0000000000010d76       0x35 ./system/src/stm32f4xx/stm32f4xx_hal.o
 .debug_macro   0x0000000000010dab       0x9c ./system/src/stm32f4xx/stm32f4xx_hal.o
 .debug_macro   0x0000000000010e47       0x16 ./system/src/stm32f4xx/stm32f4xx_hal.o
 .debug_macro   0x0000000000010e5d       0x4a ./system/src/stm32f4xx/stm32f4xx_hal.o
 .debug_macro   0x0000000000010ea7       0x97 ./system/src/stm32f4xx/stm32f4xx_hal.o
 .debug_macro   0x0000000000010f3e      0x30d ./system/src/stm32f4xx/stm32f4xx_hal.o
 .debug_macro   0x000000000001124b       0xfd ./system/src/stm32f4xx/stm32f4xx_hal.o
 .debug_macro   0x0000000000011348       0x10 ./system/src/stm32f4xx/stm32f4xx_hal.o
 .debug_macro   0x0000000000011358       0x52 ./system/src/stm32f4xx/stm32f4xx_hal.o
 .debug_macro   0x00000000000113aa       0x1f ./system/src/stm32f4xx/stm32f4xx_hal.o
 .debug_macro   0x00000000000113c9       0x43 ./system/src/stm32f4xx/stm32f4xx_hal.o
 .debug_macro   0x000000000001140c       0x20 ./system/src/stm32f4xx/stm32f4xx_hal.o
 .debug_macro   0x000000000001142c      0x187 ./system/src/stm32f4xx/stm32f4xx_hal.o
 .debug_macro   0x00000000000115b3       0x10 ./system/src/stm32f4xx/stm32f4xx_hal.o
 .debug_macro   0x00000000000115c3       0x5e ./system/src/stm32f4xx/stm32f4xx_hal.o
 .debug_macro   0x0000000000011621       0x1c ./system/src/stm32f4xx/stm32f4xx_hal.o
 .debug_macro   0x000000000001163d       0x52 ./system/src/stm32f4xx/stm32f4xx_hal.o
 .debug_macro   0x000000000001168f       0x40 ./system/src/stm32f4xx/stm32f4xx_hal.o
 .debug_macro   0x00000000000116cf       0x10 ./system/src/stm32f4xx/stm32f4xx_hal.o
 .debug_macro   0x00000000000116df       0x40 ./system/src/stm32f4xx/stm32f4xx_hal.o
 .debug_macro   0x000000000001171f       0xd7 ./system/src/stm32f4xx/stm32f4xx_hal.o
 .debug_macro   0x00000000000117f6       0x16 ./system/src/stm32f4xx/stm32f4xx_hal.o
 .debug_macro   0x000000000001180c      0x18b ./system/src/stm32f4xx/stm32f4xx_hal.o
 .debug_macro   0x0000000000011997       0x56 ./system/src/stm32f4xx/stm32f4xx_hal.o
 .debug_macro   0x00000000000119ed      0x416 ./system/src/stm32f4xx/stm32f4xx_hal.o
 .debug_macro   0x0000000000011e03      0x9e6 ./system/src/stm32f4xx/stm32f4xx_hal.o
 .debug_macro   0x00000000000127e9      0x11e ./system/src/stm32f4xx/stm32f4xx_hal.o
 .debug_macro   0x0000000000012907       0xf8 ./system/src/stm32f4xx/stm32f4xx_hal.o
 .debug_macro   0x00000000000129ff       0x27 ./system/src/stm32f4xx/stm32f4xx_hal.o
 .debug_macro   0x0000000000012a26      0x287 ./system/src/stm32f4xx/stm32f4xx_hal.o
 .debug_macro   0x0000000000012cad       0x5f ./system/src/stm32f4xx/stm32f4xx_hal.o
 .debug_macro   0x0000000000012d0c      0x23a ./system/src/stm32f4xx/stm32f4xx_hal.o
 .debug_macro   0x0000000000012f46      0x13a ./system/src/stm32f4xx/stm32f4xx_hal.o
 .debug_macro   0x0000000000013080      0x264 ./system/src/stm32f4xx/stm32f4xx_hal.o
 .debug_macro   0x00000000000132e4       0x2e ./system/src/stm32f4xx/stm32f4xx_hal.o
 .debug_macro   0x0000000000013312      0x1a7 ./system/src/stm32f4xx/stm32f4xx_hal.o
 .debug_macro   0x00000000000134b9       0x22 ./system/src/stm32f4xx/stm32f4xx_hal.o
 .debug_macro   0x00000000000134db       0xa5 ./system/src/stm32f4xx/stm32f4xx_hal.o
 .debug_macro   0x0000000000013580      0x11e ./system/src/stm32f4xx/stm32f4xx_hal.o
 .debug_macro   0x000000000001369e       0x85 ./system/src/stm32f4xx/stm32f4xx_hal.o
 .debug_macro   0x0000000000013723       0x89 ./system/src/stm32f4xx/stm32f4xx_hal.o
 .debug_macro   0x00000000000137ac      0x11e ./system/src/stm32f4xx/stm32f4xx_hal.o
 .debug_macro   0x00000000000138ca      0x2ea ./system/src/stm32f4xx/stm32f4xx_hal_cortex.o
 .debug_macro   0x0000000000013bb4      0x322 ./system/src/stm32f4xx/stm32f4xx_hal_gpio.o
 .debug_macro   0x0000000000013ed6      0x32a ./system/src/stm32f4xx/stm32f4xx_hal_i2c.o
 .debug_macro   0x0000000000014200      0x30e ./system/src/stm32f4xx/stm32f4xx_hal_rcc.o
 .debug_macro   0x000000000001450e      0x19c ./system/src/newlib/_exit.o
 .debug_macro   0x00000000000146aa      0x10e ./system/src/newlib/_exit.o
 .debug_macro   0x00000000000147b8       0x8d ./system/src/newlib/_exit.o
 .debug_macro   0x0000000000014845       0x35 ./system/src/newlib/_exit.o
 .debug_macro   0x000000000001487a      0x151 ./system/src/newlib/_sbrk.o
 .debug_macro   0x00000000000149cb      0x174 ./system/src/newlib/_sbrk.o
 .debug_macro   0x0000000000014b3f       0x10 ./system/src/newlib/_sbrk.o
 .debug_macro   0x0000000000014b4f      0x23b ./system/src/newlib/_sbrk.o
 .debug_macro   0x0000000000014d8a      0x15b ./system/src/newlib/_startup.o
 .debug_macro   0x0000000000014ee5      0x1ff ./system/src/newlib/_syscalls.o
 .debug_macro   0x00000000000150e4       0x1c ./system/src/newlib/_syscalls.o
 .debug_macro   0x0000000000015100       0x10 ./system/src/newlib/_syscalls.o
 .debug_macro   0x0000000000015110       0x10 ./system/src/newlib/_syscalls.o
 .debug_macro   0x0000000000015120       0x10 ./system/src/newlib/_syscalls.o
 .debug_macro   0x0000000000015130       0x35 ./system/src/newlib/_syscalls.o
 .debug_macro   0x0000000000015165      0x122 ./system/src/newlib/_syscalls.o
 .debug_macro   0x0000000000015287       0x88 ./system/src/newlib/_syscalls.o
 .debug_macro   0x000000000001530f       0x2b ./system/src/newlib/_syscalls.o
 .debug_macro   0x000000000001533a      0x118 ./system/src/newlib/_syscalls.o
 .debug_macro   0x0000000000015452      0x159 ./system/src/newlib/_syscalls.o
 .debug_macro   0x00000000000155ab       0x16 ./system/src/newlib/_syscalls.o
 .debug_macro   0x00000000000155c1      0x1d9 ./system/src/diag/Trace.o
 .debug_macro   0x000000000001579a       0x4c ./system/src/diag/Trace.o
 .debug_macro   0x00000000000157e6       0x16 ./system/src/diag/Trace.o
 .debug_macro   0x00000000000157fc      0x1db ./system/src/diag/trace_impl.o
 .debug_macro   0x00000000000159d7       0x10 ./system/src/diag/trace_impl.o
 .debug_macro   0x00000000000159e7       0xcf ./system/src/diag/trace_impl.o
 .debug_macro   0x0000000000015ab6       0xbe ./system/src/diag/trace_impl.o
 .debug_macro   0x0000000000015b74       0x95 ./system/src/cortexm/_initialize_hardware.o
 .debug_macro   0x0000000000015c09      0x22c ./system/src/cortexm/exception_handlers.o
 .debug_macro   0x0000000000015e35       0x3b ./system/src/cortexm/exception_handlers.o
 .debug_macro   0x0000000000015e70       0x22 ./system/src/cortexm/exception_handlers.o
 .debug_macro   0x0000000000015e92       0x10 ./system/src/cortexm/exception_handlers.o
 .debug_macro   0x0000000000015ea2       0x9d ./system/src/cmsis/system_stm32f4xx.o
 .debug_macro   0x0000000000015f3f      0x2f4 ./src/LSM303AGR.o
 .debug_macro   0x0000000000016233      0x11e ./src/LSM303AGR.o
 .debug_macro   0x0000000000016351      0x2ee ./src/main.o
 .debug_macro   0x000000000001663f      0x2ea ./src/stm32f4xx_hal_msp.o
 .debug_macro   0x0000000000016929      0x2f4 ./src/stm32f4xx_it.o
