Archive member included to satisfy reference by file (symbol)

/Users/manupepermans/STM32Toolchain/gcc-arm/bin/../lib/gcc/arm-none-eabi/5.4.1/armv7e-m/libgcc.a(_arm_addsubdf3.o)
                              ./src/main.o (__aeabi_dadd)
/Users/manupepermans/STM32Toolchain/gcc-arm/bin/../lib/gcc/arm-none-eabi/5.4.1/armv7e-m/libgcc.a(_arm_muldivdf3.o)
                              ./src/main.o (__aeabi_ddiv)
/Users/manupepermans/STM32Toolchain/gcc-arm/bin/../lib/gcc/arm-none-eabi/5.4.1/armv7e-m/libgcc.a(_arm_truncdfsf2.o)
                              ./src/main.o (__aeabi_d2f)
/Users/manupepermans/STM32Toolchain/gcc-arm/bin/../lib/gcc/arm-none-eabi/5.4.1/armv7e-m/libgcc.a(_arm_addsubsf3.o)
                              ./src/main.o (__aeabi_i2f)
/Users/manupepermans/STM32Toolchain/gcc-arm/bin/../lib/gcc/arm-none-eabi/5.4.1/armv7e-m/libgcc.a(_aeabi_uldivmod.o)
                              ./system/src/stm32f4xx/stm32f4xx_hal_rcc.o (__aeabi_uldivmod)
/Users/manupepermans/STM32Toolchain/gcc-arm/bin/../lib/gcc/arm-none-eabi/5.4.1/armv7e-m/libgcc.a(_udivmoddi4.o)
                              /Users/manupepermans/STM32Toolchain/gcc-arm/bin/../lib/gcc/arm-none-eabi/5.4.1/armv7e-m/libgcc.a(_aeabi_uldivmod.o) (__udivmoddi4)
/Users/manupepermans/STM32Toolchain/gcc-arm/bin/../lib/gcc/arm-none-eabi/5.4.1/armv7e-m/libgcc.a(unwind-arm.o)
                              ./system/src/newlib/_cxx.o (__aeabi_unwind_cpp_pr1)
/Users/manupepermans/STM32Toolchain/gcc-arm/bin/../lib/gcc/arm-none-eabi/5.4.1/armv7e-m/libgcc.a(libunwind.o)
                              /Users/manupepermans/STM32Toolchain/gcc-arm/bin/../lib/gcc/arm-none-eabi/5.4.1/armv7e-m/libgcc.a(unwind-arm.o) (restore_core_regs)
/Users/manupepermans/STM32Toolchain/gcc-arm/bin/../lib/gcc/arm-none-eabi/5.4.1/armv7e-m/libgcc.a(pr-support.o)
                              /Users/manupepermans/STM32Toolchain/gcc-arm/bin/../lib/gcc/arm-none-eabi/5.4.1/armv7e-m/libgcc.a(unwind-arm.o) (__gnu_unwind_execute)
/Users/manupepermans/STM32Toolchain/gcc-arm/bin/../lib/gcc/arm-none-eabi/5.4.1/armv7e-m/libgcc.a(_dvmd_tls.o)
                              /Users/manupepermans/STM32Toolchain/gcc-arm/bin/../lib/gcc/arm-none-eabi/5.4.1/armv7e-m/libgcc.a(_aeabi_uldivmod.o) (__aeabi_ldiv0)
/Users/manupepermans/STM32Toolchain/gcc-arm/bin/../lib/gcc/arm-none-eabi/5.4.1/../../../../arm-none-eabi/lib/armv7e-m/libg_nano.a(lib_a-errno.o)
                              ./system/src/newlib/_sbrk.o (__errno)
/Users/manupepermans/STM32Toolchain/gcc-arm/bin/../lib/gcc/arm-none-eabi/5.4.1/../../../../arm-none-eabi/lib/armv7e-m/libg_nano.a(lib_a-impure.o)
                              /Users/manupepermans/STM32Toolchain/gcc-arm/bin/../lib/gcc/arm-none-eabi/5.4.1/../../../../arm-none-eabi/lib/armv7e-m/libg_nano.a(lib_a-errno.o) (_impure_ptr)
/Users/manupepermans/STM32Toolchain/gcc-arm/bin/../lib/gcc/arm-none-eabi/5.4.1/../../../../arm-none-eabi/lib/armv7e-m/libg_nano.a(lib_a-init.o)
                              ./system/src/cmsis/startup_stm32f401xe.o (__libc_init_array)
/Users/manupepermans/STM32Toolchain/gcc-arm/bin/../lib/gcc/arm-none-eabi/5.4.1/../../../../arm-none-eabi/lib/armv7e-m/libg_nano.a(lib_a-memcpy-stub.o)
                              /Users/manupepermans/STM32Toolchain/gcc-arm/bin/../lib/gcc/arm-none-eabi/5.4.1/armv7e-m/libgcc.a(unwind-arm.o) (memcpy)
/Users/manupepermans/STM32Toolchain/gcc-arm/bin/../lib/gcc/arm-none-eabi/5.4.1/../../../../arm-none-eabi/lib/armv7e-m/libg_nano.a(lib_a-strlen.o)
                              ./system/src/diag/Trace.o (strlen)
/Users/manupepermans/STM32Toolchain/gcc-arm/bin/../lib/gcc/arm-none-eabi/5.4.1/../../../../arm-none-eabi/lib/armv7e-m/libg_nano.a(lib_a-vsnprintf.o)
                              ./system/src/diag/Trace.o (vsnprintf)
/Users/manupepermans/STM32Toolchain/gcc-arm/bin/../lib/gcc/arm-none-eabi/5.4.1/../../../../arm-none-eabi/lib/armv7e-m/libg_nano.a(lib_a-nano-svfprintf.o)
                              /Users/manupepermans/STM32Toolchain/gcc-arm/bin/../lib/gcc/arm-none-eabi/5.4.1/../../../../arm-none-eabi/lib/armv7e-m/libg_nano.a(lib_a-vsnprintf.o) (_svfprintf_r)
/Users/manupepermans/STM32Toolchain/gcc-arm/bin/../lib/gcc/arm-none-eabi/5.4.1/../../../../arm-none-eabi/lib/armv7e-m/libg_nano.a(lib_a-nano-vfprintf_i.o)
                              /Users/manupepermans/STM32Toolchain/gcc-arm/bin/../lib/gcc/arm-none-eabi/5.4.1/../../../../arm-none-eabi/lib/armv7e-m/libg_nano.a(lib_a-nano-svfprintf.o) (_printf_i)
/Users/manupepermans/STM32Toolchain/gcc-arm/bin/../lib/gcc/arm-none-eabi/5.4.1/../../../../arm-none-eabi/lib/armv7e-m/libg_nano.a(lib_a-memchr.o)
                              /Users/manupepermans/STM32Toolchain/gcc-arm/bin/../lib/gcc/arm-none-eabi/5.4.1/../../../../arm-none-eabi/lib/armv7e-m/libg_nano.a(lib_a-nano-svfprintf.o) (memchr)
/Users/manupepermans/STM32Toolchain/gcc-arm/bin/../lib/gcc/arm-none-eabi/5.4.1/../../../../arm-none-eabi/lib/armv7e-m/libg_nano.a(lib_a-memmove.o)
[...]
Memory Configuration

Name             Origin             Length             Attributes
FLASH            0x0000000008000000 0x0000000000030000 xr
RAM              0x0000000020000000 0x0000000000005000 xrw
CCMRAM           0x0000000010000000 0x0000000000000000 xrw
FLASHB1          0x0000000000000000 0x0000000000000000 xr
EXTMEMB0         0x0000000000000000 0x0000000000000000 xr
EXTMEMB1         0x0000000000000000 0x0000000000000000 xr
EXTMEMB2         0x0000000000000000 0x0000000000000000 xr
EXTMEMB3         0x0000000000000000 0x0000000000000000 xr
*default*        0x0000000000000000 0xffffffffffffffff

Linker script and memory map

LOAD ./system/src/stm32f4xx/stm32f4xx_hal.o
LOAD ./system/src/stm32f4xx/stm32f4xx_hal_cortex.o
LOAD ./system/src/stm32f4xx/stm32f4xx_hal_dma.o
LOAD ./system/src/stm32f4xx/stm32f4xx_hal_dma_ex.o
LOAD ./system/src/stm32f4xx/stm32f4xx_hal_flash.o
LOAD ./system/src/stm32f4xx/stm32f4xx_hal_flash_ex.o
LOAD ./system/src/stm32f4xx/stm32f4xx_hal_flash_ramfunc.o
LOAD ./system/src/stm32f4xx/stm32f4xx_hal_gpio.o
LOAD ./system/src/stm32f4xx/stm32f4xx_hal_i2c.o
LOAD ./system/src/stm32f4xx/stm32f4xx_hal_i2c_ex.o
LOAD ./system/src/stm32f4xx/stm32f4xx_hal_pwr.o
LOAD ./system/src/stm32f4xx/stm32f4xx_hal_pwr_ex.o
LOAD ./system/src/stm32f4xx/stm32f4xx_hal_rcc.o
LOAD ./system/src/stm32f4xx/stm32f4xx_hal_rcc_ex.o
LOAD ./system/src/stm32f4xx/stm32f4xx_hal_tim.o
LOAD ./system/src/stm32f4xx/stm32f4xx_hal_tim_ex.o
LOAD ./system/src/stm32f4xx/stm32f4xx_hal_uart.o
LOAD ./system/src/newlib/_cxx.o
LOAD ./system/src/newlib/_exit.o
LOAD ./system/src/newlib/_sbrk.o
LOAD ./system/src/newlib/_startup.o
LOAD ./system/src/newlib/_syscalls.o
LOAD ./system/src/newlib/assert.o
LOAD ./system/src/diag/Trace.o
LOAD ./system/src/diag/trace_impl.o
LOAD ./system/src/cortexm/_initialize_hardware.o
LOAD ./system/src/cortexm/_reset_hardware.o
LOAD ./system/src/cortexm/exception_handlers.o
LOAD ./system/src/cmsis/startup_stm32f401xe.o
LOAD ./system/src/cmsis/system_stm32f4xx.o
LOAD ./src/main.o
LOAD ./src/stm32f4xx_hal_msp.o
LOAD ./src/stm32f4xx_it.o
LOAD /Users/manupepermans/STM32Toolchain/gcc-arm/bin/../lib/gcc/arm-none-eabi/5.4.1/../../../../arm-none-eabi/lib/armv7e-m/libstdc++_nano.a
LOAD /Users/manupepermans/STM32Toolchain/gcc-arm/bin/../lib/gcc/arm-none-eabi/5.4.1/../../../../arm-none-eabi/lib/armv7e-m/libm.a
START GROUP
LOAD /Users/manupepermans/STM32Toolchain/gcc-arm/bin/../lib/gcc/arm-none-eabi/5.4.1/armv7e-m/libgcc.a
LOAD /Users/manupepermans/STM32Toolchain/gcc-arm/bin/../lib/gcc/arm-none-eabi/5.4.1/../../../../arm-none-eabi/lib/armv7e-m/libg_nano.a
LOAD /Users/manupepermans/STM32Toolchain/gcc-arm/bin/../lib/gcc/arm-none-eabi/5.4.1/../../../../arm-none-eabi/lib/armv7e-m/libc_nano.a
END GROUP
START GROUP
LOAD /Users/manupepermans/STM32Toolchain/gcc-arm/bin/../lib/gcc/arm-none-eabi/5.4.1/armv7e-m/libgcc.a
LOAD /Users/manupepermans/STM32Toolchain/gcc-arm/bin/../lib/gcc/arm-none-eabi/5.4.1/../../../../arm-none-eabi/lib/armv7e-m/libc_nano.a
END GROUP
                0x0000000020005000                __stack = (ORIGIN (RAM) + LENGTH (RAM))
                0x0000000020005000                _estack = __stack
                0x0000000000000400                __Main_Stack_Size = 0x400
                [!provide]                        PROVIDE (_Main_Stack_Size, __Main_Stack_Size)
                0x0000000020004c00                __Main_Stack_Limit = (__stack - __Main_Stack_Size)
                [!provide]                        PROVIDE (_Main_Stack_Limit, __Main_Stack_Limit)
                0x0000000000000100                _Minimum_Stack_Size = 0x100
                0x00000000200001c8                PROVIDE (_Heap_Begin, _end_noinit)
                0x0000000020004c00                PROVIDE (_Heap_Limit, (__stack - __Main_Stack_Size))

.isr_vector     0x0000000008000000      0x3ac
 FILL mask 0xff
                0x0000000008000000                __vectors_start = ABSOLUTE (.)
                0x0000000008000000                __vectors_start__ = ABSOLUTE (.)
 *(.isr_vector)
 .isr_vector    0x0000000008000000      0x194 ./system/src/cmsis/startup_stm32f401xe.o
                0x0000000008000000                g_pfnVectors
 *(.cfmconfig)
 *(.after_vectors .after_vectors.*)
 .after_vectors
                0x0000000008000194      0x114 ./system/src/newlib/_startup.o
                0x0000000008000194                _start
 .after_vectors
                0x00000000080002a8      0x104 ./system/src/cortexm/exception_handlers.o
                0x00000000080002a8                Reset_Handler
                0x00000000080002c8                HardFault_Handler_C
                0x0000000008000314                BusFault_Handler_C
                0x000000000800035c                UsageFault_Handler_C

.inits          0x00000000080003ac       0x28
                0x00000000080003ac                __data_regions_array_start = .
                0x00000000080003ac        0x4 LONG 0x8003a60 LOADADDR (.data)
                0x00000000080003b0        0x4 LONG 0x20000000 ADDR (.data)
                0x00000000080003b4        0x4 LONG 0x20000078 (ADDR (.data) + SIZEOF (.data))
                0x00000000080003b8        0x4 LONG 0x8003a60 LOADADDR (.data_CCMRAM)
                0x00000000080003bc        0x4 LONG 0x10000000 ADDR (.data_CCMRAM)
                0x00000000080003c0        0x4 LONG 0x10000000 (ADDR (.data_CCMRAM) + SIZEOF (.data_CCMRAM))
                0x00000000080003c4                __data_regions_array_end = .
                0x00000000080003c4                __bss_regions_array_start = .
                0x00000000080003c4        0x4 LONG 0x20000078 ADDR (.bss)
                0x00000000080003c8        0x4 LONG 0x200001c8 (ADDR (.bss) + SIZEOF (.bss))
                0x00000000080003cc        0x4 LONG 0x10000000 ADDR (.bss_CCMRAM)
                0x00000000080003d0        0x4 LONG 0x10000000 (ADDR (.bss_CCMRAM) + SIZEOF (.bss_CCMRAM))
                0x00000000080003d4                __bss_regions_array_end = .
 *(.init)
 *(.fini)
                0x00000000080003d4                . = ALIGN (0x4)
                0x00000000080003d4                PROVIDE (__preinit_array_start, .)
 *(.preinit_array_sysinit .preinit_array_sysinit.*)
 *(.preinit_array_platform .preinit_array_platform.*)
 *(.preinit_array .preinit_array.*)
                0x00000000080003d4                PROVIDE (__preinit_array_end, .)
                0x00000000080003d4                . = ALIGN (0x4)
                0x00000000080003d4                PROVIDE (__init_array_start, .)
 *(SORT(.init_array.*))
 *(.init_array)
                0x00000000080003d4                PROVIDE (__init_array_end, .)
                0x00000000080003d4                . = ALIGN (0x4)
                0x00000000080003d4                PROVIDE (__fini_array_start, .)
 *(SORT(.fini_array.*))
 *(.fini_array)
                0x00000000080003d4                PROVIDE (__fini_array_end, .)

.flashtext
 *(.flashtext .flashtext.*)

.text           0x00000000080003e0     0x3677
 *(.text .text.*)
 .text.HAL_InitTick
                0x00000000080003e0       0x2c ./system/src/stm32f4xx/stm32f4xx_hal.o
                0x00000000080003e0                HAL_InitTick
 .text.HAL_Init
                0x000000000800040c       0x34 ./system/src/stm32f4xx/stm32f4xx_hal.o
                0x000000000800040c                HAL_Init
 .text.HAL_IncTick
                0x0000000008000440       0x10 ./system/src/stm32f4xx/stm32f4xx_hal.o
                0x0000000008000440                HAL_IncTick
 .text.HAL_GetTick
                0x0000000008000450        0xc ./system/src/stm32f4xx/stm32f4xx_hal.o
                0x0000000008000450                HAL_GetTick
 .text.HAL_Delay
                0x000000000800045c       0x24 ./system/src/stm32f4xx/stm32f4xx_hal.o
                0x000000000800045c                HAL_Delay
 .text.HAL_NVIC_SetPriorityGrouping
                0x0000000008000480       0x24 ./system/src/stm32f4xx/stm32f4xx_hal_cortex.o
                0x0000000008000480                HAL_NVIC_SetPriorityGrouping
 .text.HAL_NVIC_SetPriority
                0x00000000080004a4       0x64 ./system/src/stm32f4xx/stm32f4xx_hal_cortex.o
                0x00000000080004a4                HAL_NVIC_SetPriority
 .text.HAL_SYSTICK_Config
                0x0000000008000508       0x2c ./system/src/stm32f4xx/stm32f4xx_hal_cortex.o
                0x0000000008000508                HAL_SYSTICK_Config
 .text.HAL_SYSTICK_CLKSourceConfig
                0x0000000008000534       0x20 ./system/src/stm32f4xx/stm32f4xx_hal_cortex.o
                0x0000000008000534                HAL_SYSTICK_CLKSourceConfig
 .text.HAL_SYSTICK_Callback
                0x0000000008000554        0x4 ./system/src/stm32f4xx/stm32f4xx_hal_cortex.o
                0x0000000008000554                HAL_SYSTICK_Callback
 .text.HAL_SYSTICK_IRQHandler
                0x0000000008000558        0x8 ./system/src/stm32f4xx/stm32f4xx_hal_cortex.o
                0x0000000008000558                HAL_SYSTICK_IRQHandler
 .text.HAL_GPIO_Init
                0x0000000008000560      0x19c ./system/src/stm32f4xx/stm32f4xx_hal_gpio.o
                0x0000000008000560                HAL_GPIO_Init
 .text.I2C_IsAcknowledgeFailed
                0x00000000080006fc       0x2c ./system/src/stm32f4xx/stm32f4xx_hal_i2c.o
 .text.I2C_WaitOnFlagUntilTimeout
                0x0000000008000728       0x68 ./system/src/stm32f4xx/stm32f4xx_hal_i2c.o
 .text.I2C_WaitOnMasterAddressFlagUntilTimeout
                0x0000000008000790       0x94 ./system/src/stm32f4xx/stm32f4xx_hal_i2c.o
 .text.I2C_WaitOnTXEFlagUntilTimeout
                0x0000000008000824       0x50 ./system/src/stm32f4xx/stm32f4xx_hal_i2c.o
 .text.I2C_RequestMemoryWrite
                0x0000000008000874       0xd4 ./system/src/stm32f4xx/stm32f4xx_hal_i2c.o
 .text.I2C_RequestMemoryRead
                0x0000000008000948      0x148 ./system/src/stm32f4xx/stm32f4xx_hal_i2c.o
 .text.I2C_WaitOnBTFFlagUntilTimeout
                0x0000000008000a90       0x50 ./system/src/stm32f4xx/stm32f4xx_hal_i2c.o
 .text.I2C_WaitOnRXNEFlagUntilTimeout
                0x0000000008000ae0       0x60 ./system/src/stm32f4xx/stm32f4xx_hal_i2c.o
 .text.HAL_I2C_Init
                0x0000000008000b40      0x11c ./system/src/stm32f4xx/stm32f4xx_hal_i2c.o
                0x0000000008000b40                HAL_I2C_Init
 .text.HAL_I2C_Mem_Write
                0x0000000008000c5c      0x17c ./system/src/stm32f4xx/stm32f4xx_hal_i2c.o
                0x0000000008000c5c                HAL_I2C_Mem_Write
 .text.HAL_I2C_Mem_Read
                0x0000000008000dd8      0x300 ./system/src/stm32f4xx/stm32f4xx_hal_i2c.o
                0x0000000008000dd8                HAL_I2C_Mem_Read
 .text.HAL_RCC_OscConfig
                0x00000000080010d8      0x3a0 ./system/src/stm32f4xx/stm32f4xx_hal_rcc.o
                0x00000000080010d8                HAL_RCC_OscConfig
 .text.HAL_RCC_GetSysClockFreq
                0x0000000008001478       0xa0 ./system/src/stm32f4xx/stm32f4xx_hal_rcc.o
                0x0000000008001478                HAL_RCC_GetSysClockFreq
 .text.HAL_RCC_ClockConfig
                0x0000000008001518      0x160 ./system/src/stm32f4xx/stm32f4xx_hal_rcc.o
                0x0000000008001518                HAL_RCC_ClockConfig
 .text.HAL_RCC_GetHCLKFreq
                0x0000000008001678        0xc ./system/src/stm32f4xx/stm32f4xx_hal_rcc.o
                0x0000000008001678                HAL_RCC_GetHCLKFreq
 .text.HAL_RCC_GetPCLK1Freq
                0x0000000008001684       0x20 ./system/src/stm32f4xx/stm32f4xx_hal_rcc.o
                0x0000000008001684                HAL_RCC_GetPCLK1Freq
 .text.HAL_RCC_GetPCLK2Freq
                0x00000000080016a4       0x20 ./system/src/stm32f4xx/stm32f4xx_hal_rcc.o
                0x00000000080016a4                HAL_RCC_GetPCLK2Freq
 .text.UART_SetConfig
                0x00000000080016c4      0x32c ./system/src/stm32f4xx/stm32f4xx_hal_uart.o
 .text.UART_WaitOnFlagUntilTimeout
                0x00000000080019f0       0x68 ./system/src/stm32f4xx/stm32f4xx_hal_uart.o
 .text.HAL_UART_Init
                0x0000000008001a58       0x64 ./system/src/stm32f4xx/stm32f4xx_hal_uart.o
                0x0000000008001a58                HAL_UART_Init
 .text.HAL_UART_Transmit
                0x0000000008001abc       0xe4 ./system/src/stm32f4xx/stm32f4xx_hal_uart.o
                0x0000000008001abc                HAL_UART_Transmit
 .text._exit    0x0000000008001ba0        0x4 ./system/src/newlib/_exit.o
                0x0000000008001ba0                _exit
 .text._sbrk    0x0000000008001ba4       0x44 ./system/src/newlib/_sbrk.o
                0x0000000008001ba4                _sbrk
 .text.__initialize_args
                0x0000000008001be8       0x10 ./system/src/newlib/_syscalls.o
                0x0000000008001be8                __initialize_args
 .text.trace_printf
                0x0000000008001bf8       0x30 ./system/src/diag/Trace.o
                0x0000000008001bf8                trace_printf
 .text.trace_write
                0x0000000008001c28        0x8 ./system/src/diag/trace_impl.o
                0x0000000008001c28                trace_write
 .text.__initialize_hardware_early
                0x0000000008001c30       0x18 ./system/src/cortexm/_initialize_hardware.o
                0x0000000008001c30                __initialize_hardware_early
 .text.__initialize_hardware
                0x0000000008001c48        0x8 ./system/src/cortexm/_initialize_hardware.o
                0x0000000008001c48                __initialize_hardware
 .text.dumpExceptionStack
                0x0000000008001c50       0xf0 ./system/src/cortexm/exception_handlers.o
                0x0000000008001c50                dumpExceptionStack
 .text.Default_Handler
                0x0000000008001d40        0x2 ./system/src/cmsis/startup_stm32f401xe.o
                0x0000000008001d40                DMA1_Stream3_IRQHandler
                0x0000000008001d40                EXTI2_IRQHandler
                0x0000000008001d40                SPI4_IRQHandler
                0x0000000008001d40                TIM1_CC_IRQHandler
                0x0000000008001d40                DMA2_Stream5_IRQHandler
                0x0000000008001d40                DMA1_Stream5_IRQHandler
                0x0000000008001d40                PVD_IRQHandler
                0x0000000008001d40                SDIO_IRQHandler
                0x0000000008001d40                TAMP_STAMP_IRQHandler
                0x0000000008001d40                EXTI3_IRQHandler
                0x0000000008001d40                TIM1_UP_TIM10_IRQHandler
                0x0000000008001d40                I2C3_ER_IRQHandler
                0x0000000008001d40                EXTI0_IRQHandler
                0x0000000008001d40                I2C2_EV_IRQHandler
                0x0000000008001d40                DMA1_Stream2_IRQHandler
                0x0000000008001d40                FPU_IRQHandler
                0x0000000008001d40                DMA2_Stream2_IRQHandler
                0x0000000008001d40                SPI1_IRQHandler
                0x0000000008001d40                TIM1_BRK_TIM9_IRQHandler
                0x0000000008001d40                DMA2_Stream3_IRQHandler
                0x0000000008001d40                USART6_IRQHandler
                0x0000000008001d40                DMA2_Stream0_IRQHandler
                0x0000000008001d40                TIM4_IRQHandler
                0x0000000008001d40                I2C1_EV_IRQHandler
                0x0000000008001d40                DMA1_Stream6_IRQHandler
                0x0000000008001d40                DMA1_Stream1_IRQHandler
                0x0000000008001d40                TIM3_IRQHandler
                0x0000000008001d40                RCC_IRQHandler
                0x0000000008001d40                Default_Handler
                0x0000000008001d40                EXTI15_10_IRQHandler
                0x0000000008001d40                ADC_IRQHandler
                0x0000000008001d40                DMA1_Stream7_IRQHandler
                0x0000000008001d40                TIM5_IRQHandler
                0x0000000008001d40                DMA2_Stream7_IRQHandler
                0x0000000008001d40                I2C3_EV_IRQHandler
                0x0000000008001d40                EXTI9_5_IRQHandler
                0x0000000008001d40                RTC_WKUP_IRQHandler
                0x0000000008001d40                SPI2_IRQHandler
                0x0000000008001d40                DMA1_Stream0_IRQHandler
                0x0000000008001d40                EXTI4_IRQHandler
                0x0000000008001d40                WWDG_IRQHandler
                0x0000000008001d40                TIM2_IRQHandler
                0x0000000008001d40                OTG_FS_WKUP_IRQHandler
                0x0000000008001d40                TIM1_TRG_COM_TIM11_IRQHandler
                0x0000000008001d40                EXTI1_IRQHandler
                0x0000000008001d40                USART2_IRQHandler
                0x0000000008001d40                I2C2_ER_IRQHandler
                0x0000000008001d40                DMA2_Stream1_IRQHandler
                0x0000000008001d40                FLASH_IRQHandler
                0x0000000008001d40                DMA2_Stream4_IRQHandler
                0x0000000008001d40                USART1_IRQHandler
                0x0000000008001d40                OTG_FS_IRQHandler
                0x0000000008001d40                SPI3_IRQHandler
                0x0000000008001d40                DMA1_Stream4_IRQHandler
                0x0000000008001d40                I2C1_ER_IRQHandler
                0x0000000008001d40                DMA2_Stream6_IRQHandler
                0x0000000008001d40                RTC_Alarm_IRQHandler
 *fill*         0x0000000008001d42        0x2 
 .text.SystemInit
                0x0000000008001d44       0x40 ./system/src/cmsis/system_stm32f4xx.o
                0x0000000008001d44                SystemInit
 .text.SystemCoreClockUpdate
                0x0000000008001d84       0xa0 ./system/src/cmsis/system_stm32f4xx.o
                0x0000000008001d84                SystemCoreClockUpdate
 .text.MX_GPIO_Init
                0x0000000008001e24       0x38 ./src/main.o
 .text._Error_Handler
                0x0000000008001e5c        0x4 ./src/main.o
                0x0000000008001e5c                _Error_Handler
 .text.MX_USART2_UART_Init
                0x0000000008001e60       0x3c ./src/main.o
 .text.MX_I2C1_Init
                0x0000000008001e9c       0x40 ./src/main.o
 .text.SystemClock_Config
                0x0000000008001edc       0xac ./src/main.o
                0x0000000008001edc                SystemClock_Config
 .text.main     0x0000000008001f88      0x164 ./src/main.o
                0x0000000008001f88                main
 .text.HAL_MspInit
                0x00000000080020ec       0x60 ./src/stm32f4xx_hal_msp.o
                0x00000000080020ec                HAL_MspInit
 .text.HAL_I2C_MspInit
                0x000000000800214c       0x58 ./src/stm32f4xx_hal_msp.o
                0x000000000800214c                HAL_I2C_MspInit
 .text.HAL_UART_MspInit
                0x00000000080021a4       0x54 ./src/stm32f4xx_hal_msp.o
                0x00000000080021a4                HAL_UART_MspInit
 .text.NMI_Handler
                0x00000000080021f8        0x4 ./src/stm32f4xx_it.o
                0x00000000080021f8                NMI_Handler
 .text.HardFault_Handler
                0x00000000080021fc        0x4 ./src/stm32f4xx_it.o
                0x00000000080021fc                HardFault_Handler
 .text.MemManage_Handler
                0x0000000008002200        0x4 ./src/stm32f4xx_it.o
                0x0000000008002200                MemManage_Handler
 .text.BusFault_Handler
                0x0000000008002204        0x4 ./src/stm32f4xx_it.o
                0x0000000008002204                BusFault_Handler
 .text.UsageFault_Handler
                0x0000000008002208        0x4 ./src/stm32f4xx_it.o
                0x0000000008002208                UsageFault_Handler
 .text.SVC_Handler
                0x000000000800220c        0x4 ./src/stm32f4xx_it.o
                0x000000000800220c                SVC_Handler
 .text.DebugMon_Handler
                0x0000000008002210        0x4 ./src/stm32f4xx_it.o
                0x0000000008002210                DebugMon_Handler
 .text.PendSV_Handler
                0x0000000008002214        0x4 ./src/stm32f4xx_it.o
                0x0000000008002214                PendSV_Handler
 .text.SysTick_Handler
                0x0000000008002218        0xc ./src/stm32f4xx_it.o
                0x0000000008002218                SysTick_Handler
 .text          0x0000000008002224      0x370 /Users/manupepermans/STM32Toolchain/gcc-arm/bin/../lib/gcc/arm-none-eabi/5.4.1/armv7e-m/libgcc.a(_arm_addsubdf3.o)
                0x0000000008002224                __aeabi_drsub
                0x000000000800222c                __subdf3
                0x000000000800222c                __aeabi_dsub
                0x0000000008002230                __aeabi_dadd
                0x0000000008002230                __adddf3
                0x00000000080024a8                __aeabi_ui2d
                0x00000000080024a8                __floatunsidf
                0x00000000080024c8                __floatsidf
                0x00000000080024c8                __aeabi_i2d
                0x00000000080024ec                __extendsfdf2
                0x00000000080024ec                __aeabi_f2d
                0x0000000008002528                __aeabi_ul2d
                0x0000000008002528                __floatundidf
                0x0000000008002538                __aeabi_l2d
                0x0000000008002538                __floatdidf
 .text          0x0000000008002594      0x424 /Users/manupepermans/STM32Toolchain/gcc-arm/bin/../lib/gcc/arm-none-eabi/5.4.1/armv7e-m/libgcc.a(_arm_muldivdf3.o)
                0x0000000008002594                __aeabi_dmul
                0x0000000008002594                __muldf3
                0x00000000080027e8                __aeabi_ddiv
                0x00000000080027e8                __divdf3
 .text          0x00000000080029b8       0xa0 /Users/manupepermans/STM32Toolchain/gcc-arm/bin/../lib/gcc/arm-none-eabi/5.4.1/armv7e-m/libgcc.a(_arm_truncdfsf2.o)
                0x00000000080029b8                __aeabi_d2f
                0x00000000080029b8                __truncdfsf2
 .text          0x0000000008002a58      0x21c /Users/manupepermans/STM32Toolchain/gcc-arm/bin/../lib/gcc/arm-none-eabi/5.4.1/armv7e-m/libgcc.a(_arm_addsubsf3.o)
                0x0000000008002a58                __aeabi_frsub
                0x0000000008002a60                __aeabi_fsub
                0x0000000008002a60                __subsf3
                0x0000000008002a64                __aeabi_fadd
                0x0000000008002a64                __addsf3
                0x0000000008002bc4                __aeabi_ui2f
                0x0000000008002bc4                __floatunsisf
                0x0000000008002bcc                __floatsisf
                0x0000000008002bcc                __aeabi_i2f
                0x0000000008002be8                __aeabi_ul2f
                0x0000000008002be8                __floatundisf
                0x0000000008002bf8                __aeabi_l2f
                0x0000000008002bf8                __floatdisf
 .text          0x0000000008002c74       0x30 /Users/manupepermans/STM32Toolchain/gcc-arm/bin/../lib/gcc/arm-none-eabi/5.4.1/armv7e-m/libgcc.a(_aeabi_uldivmod.o)
                0x0000000008002c74                __aeabi_uldivmod
 .text          0x0000000008002ca4      0x2e4 /Users/manupepermans/STM32Toolchain/gcc-arm/bin/../lib/gcc/arm-none-eabi/5.4.1/armv7e-m/libgcc.a(_udivmoddi4.o)
                0x0000000008002ca4                __udivmoddi4
 .text          0x0000000008002f88        0x4 /Users/manupepermans/STM32Toolchain/gcc-arm/bin/../lib/gcc/arm-none-eabi/5.4.1/armv7e-m/libgcc.a(_dvmd_tls.o)
                0x0000000008002f88                __aeabi_ldiv0
                0x0000000008002f88                __aeabi_idiv0
 .text.__errno  0x0000000008002f8c        0xc /Users/manupepermans/STM32Toolchain/gcc-arm/bin/../lib/gcc/arm-none-eabi/5.4.1/../../../../arm-none-eabi/lib/armv7e-m/libg_nano.a(lib_a-errno.o)
                0x0000000008002f8c                __errno
 .text.memcpy   0x0000000008002f98       0x16 /Users/manupepermans/STM32Toolchain/gcc-arm/bin/../lib/gcc/arm-none-eabi/5.4.1/../../../../arm-none-eabi/lib/armv7e-m/libg_nano.a(lib_a-memcpy-stub.o)
                0x0000000008002f98                memcpy
 .text._vsnprintf_r
                0x0000000008002fae       0x56 /Users/manupepermans/STM32Toolchain/gcc-arm/bin/../lib/gcc/arm-none-eabi/5.4.1/../../../../arm-none-eabi/lib/armv7e-m/libg_nano.a(lib_a-vsnprintf.o)
                0x0000000008002fae                _vsnprintf_r
                0x0000000008002fae                _vsniprintf_r
 .text.vsnprintf
                0x0000000008003004       0x1c /Users/manupepermans/STM32Toolchain/gcc-arm/bin/../lib/gcc/arm-none-eabi/5.4.1/../../../../arm-none-eabi/lib/armv7e-m/libg_nano.a(lib_a-vsnprintf.o)
                0x0000000008003004                vsnprintf
                0x0000000008003004                vsniprintf
 .text.__ssputs_r
                0x0000000008003020       0xb2 /Users/manupepermans/STM32Toolchain/gcc-arm/bin/../lib/gcc/arm-none-eabi/5.4.1/../../../../arm-none-eabi/lib/armv7e-m/libg_nano.a(lib_a-nano-svfprintf.o)
                0x0000000008003020                __ssputs_r
 *fill*         0x00000000080030d2        0x2 
 .text._svfprintf_r
                0x00000000080030d4      0x1e8 /Users/manupepermans/STM32Toolchain/gcc-arm/bin/../lib/gcc/arm-none-eabi/5.4.1/../../../../arm-none-eabi/lib/armv7e-m/libg_nano.a(lib_a-nano-svfprintf.o)
                0x00000000080030d4                _svfprintf_r
                0x00000000080030d4                _svfiprintf_r
 .text._printf_common
                0x00000000080032bc       0xec /Users/manupepermans/STM32Toolchain/gcc-arm/bin/../lib/gcc/arm-none-eabi/5.4.1/../../../../arm-none-eabi/lib/armv7e-m/libg_nano.a(lib_a-nano-vfprintf_i.o)
                0x00000000080032bc                _printf_common
 .text._printf_i
                0x00000000080033a8      0x24c /Users/manupepermans/STM32Toolchain/gcc-arm/bin/../lib/gcc/arm-none-eabi/5.4.1/../../../../arm-none-eabi/lib/armv7e-m/libg_nano.a(lib_a-nano-vfprintf_i.o)
                0x00000000080033a8                _printf_i
 *fill*         0x00000000080035f4        0xc 
 .text          0x0000000008003600       0xa0 /Users/manupepermans/STM32Toolchain/gcc-arm/bin/../lib/gcc/arm-none-eabi/5.4.1/../../../../arm-none-eabi/lib/armv7e-m/libg_nano.a(lib_a-memchr.o)
                0x0000000008003600                memchr
 .text.memmove  0x00000000080036a0       0x36 /Users/manupepermans/STM32Toolchain/gcc-arm/bin/../lib/gcc/arm-none-eabi/5.4.1/../../../../arm-none-eabi/lib/armv7e-m/libg_nano.a(lib_a-memmove.o)
                0x00000000080036a0                memmove
 *fill*         0x00000000080036d6        0x2 
 .text._free_r  0x00000000080036d8       0x9c /Users/manupepermans/STM32Toolchain/gcc-arm/bin/../lib/gcc/arm-none-eabi/5.4.1/../../../../arm-none-eabi/lib/armv7e-m/libg_nano.a(lib_a-nano-freer.o)
                0x00000000080036d8                _free_r
 .text._malloc_r
                0x0000000008003774       0xbc /Users/manupepermans/STM32Toolchain/gcc-arm/bin/../lib/gcc/arm-none-eabi/5.4.1/../../../../arm-none-eabi/lib/armv7e-m/libg_nano.a(lib_a-nano-mallocr.o)
                0x0000000008003774                _malloc_r
 .text._realloc_r
                0x0000000008003830       0x4c /Users/manupepermans/STM32Toolchain/gcc-arm/bin/../lib/gcc/arm-none-eabi/5.4.1/../../../../arm-none-eabi/lib/armv7e-m/libg_nano.a(lib_a-nano-reallocr.o)
                0x0000000008003830                _realloc_r
 .text._sbrk_r  0x000000000800387c       0x20 /Users/manupepermans/STM32Toolchain/gcc-arm/bin/../lib/gcc/arm-none-eabi/5.4.1/../../../../arm-none-eabi/lib/armv7e-m/libg_nano.a(lib_a-sbrkr.o)
                0x000000000800387c                _sbrk_r
 .text.__malloc_lock
                0x000000000800389c        0x2 /Users/manupepermans/STM32Toolchain/gcc-arm/bin/../lib/gcc/arm-none-eabi/5.4.1/../../../../arm-none-eabi/lib/armv7e-m/libg_nano.a(lib_a-mlock.o)
                0x000000000800389c                __malloc_lock
 .text.__malloc_unlock
                0x000000000800389e        0x2 /Users/manupepermans/STM32Toolchain/gcc-arm/bin/../lib/gcc/arm-none-eabi/5.4.1/../../../../arm-none-eabi/lib/armv7e-m/libg_nano.a(lib_a-mlock.o)
                0x000000000800389e                __malloc_unlock
 .text._malloc_usable_size_r
                0x00000000080038a0       0x14 /Users/manupepermans/STM32Toolchain/gcc-arm/bin/../lib/gcc/arm-none-eabi/5.4.1/../../../../arm-none-eabi/lib/armv7e-m/libg_nano.a(lib_a-nano-msizer.o)
                0x00000000080038a0                _malloc_usable_size_r
 *(.rodata .rodata.* .constdata .constdata.*)
 .rodata.str1.4
                0x00000000080038b4      0x146 ./system/src/cortexm/exception_handlers.o
 *fill*         0x00000000080039fa        0x2 
 .rodata.AHBPrescTable
                0x00000000080039fc       0x10 ./system/src/cmsis/system_stm32f4xx.o
                0x00000000080039fc                AHBPrescTable
 .rodata.APBPrescTable
                0x0000000008003a0c        0x8 ./system/src/cmsis/system_stm32f4xx.o
                0x0000000008003a0c                APBPrescTable
 .rodata.str1.4
                0x0000000008003a14       0x10 ./src/main.o
                                          0xe (size before relaxing)
 .rodata.str1.1
                0x0000000008003a24       0x11 /Users/manupepermans/STM32Toolchain/gcc-arm/bin/../lib/gcc/arm-none-eabi/5.4.1/../../../../arm-none-eabi/lib/armv7e-m/libg_nano.a(lib_a-nano-svfprintf.o)
 .rodata.str1.1
                0x0000000008003a35       0x22 /Users/manupepermans/STM32Toolchain/gcc-arm/bin/../lib/gcc/arm-none-eabi/5.4.1/../../../../arm-none-eabi/lib/armv7e-m/libg_nano.a(lib_a-nano-vfprintf_i.o)
 *(vtable)
 *(.eh_frame*)
 *(.glue_7)
 .glue_7        0x0000000008003a57        0x0 linker stubs
 *(.glue_7t)
 .glue_7t       0x0000000008003a57        0x0 linker stubs

.vfp11_veneer   0x0000000008003a58        0x0
 .vfp11_veneer  0x0000000008003a58        0x0 linker stubs

.v4_bx          0x0000000008003a58        0x0
 .v4_bx         0x0000000008003a58        0x0 linker stubs

.iplt           0x0000000008003a58        0x0
 .iplt          0x0000000008003a58        0x0 ./system/src/stm32f4xx/stm32f4xx_hal.o

.ARM.extab
 *(.ARM.extab* .gnu.linkonce.armextab.*)
                0x0000000008003a58                . = ALIGN (0x4)
                0x0000000008003a58                __exidx_start = .

.ARM.exidx      0x0000000008003a58        0x8
 *(.ARM.exidx* .gnu.linkonce.armexidx.*)
 .ARM.exidx     0x0000000008003a58        0x8 /Users/manupepermans/STM32Toolchain/gcc-arm/bin/../lib/gcc/arm-none-eabi/5.4.1/armv7e-m/libgcc.a(_udivmoddi4.o)
                0x0000000008003a60                __exidx_end = .

.rel.dyn        0x0000000008003a60        0x0
 .rel.iplt      0x0000000008003a60        0x0 ./system/src/stm32f4xx/stm32f4xx_hal.o
                0x0000000008003a60                . = ALIGN (0x4)
                0x0000000008003a60                _etext = .
                0x0000000008003a60                __etext = .

.data_CCMRAM    0x0000000010000000        0x0 load address 0x0000000008003a60
 FILL mask 0xff
 *(.data.CCMRAM .data.CCMRAM.*)
                0x0000000010000000                . = ALIGN (0x4)
                0x0000000008003a60                _sidata = LOADADDR (.data)

.data           0x0000000020000000       0x78 load address 0x0000000008003a60
 FILL mask 0xff
                0x0000000020000000                _sdata = .
                0x0000000020000000                __data_start__ = .
 *(.data_begin .data_begin.*)
 .data_begin    0x0000000020000000        0x4 ./system/src/newlib/_startup.o
 *(.data .data.*)
 .data.argv.4290
                0x0000000020000004        0x8 ./system/src/newlib/_syscalls.o
 .data.SystemCoreClock
                0x000000002000000c        0x4 ./system/src/cmsis/system_stm32f4xx.o
                0x000000002000000c                SystemCoreClock
 .data.impure_data
                0x0000000020000010       0x60 /Users/manupepermans/STM32Toolchain/gcc-arm/bin/../lib/gcc/arm-none-eabi/5.4.1/../../../../arm-none-eabi/lib/armv7e-m/libg_nano.a(lib_a-impure.o)
 .data._impure_ptr
                0x0000000020000070        0x4 /Users/manupepermans/STM32Toolchain/gcc-arm/bin/../lib/gcc/arm-none-eabi/5.4.1/../../../../arm-none-eabi/lib/armv7e-m/libg_nano.a(lib_a-impure.o)
                0x0000000020000070                _impure_ptr
 *(.data_end .data_end.*)
 .data_end      0x0000000020000074        0x4 ./system/src/newlib/_startup.o
                0x0000000020000078                . = ALIGN (0x4)
                0x0000000020000078                _edata = .
                0x0000000020000078                __data_end__ = .

.igot.plt       0x0000000020000078        0x0 load address 0x0000000008003ad8
 .igot.plt      0x0000000020000078        0x0 ./system/src/stm32f4xx/stm32f4xx_hal.o

.bss_CCMRAM     0x0000000010000000        0x0
 *(.bss.CCMRAM .bss.CCMRAM.*)

.bss            0x0000000020000078      0x150
                0x0000000020000078                __bss_start__ = .
                0x0000000020000078                _sbss = .
 *(.bss_begin .bss_begin.*)
 .bss_begin     0x0000000020000078        0x4 ./system/src/newlib/_startup.o
 *(.bss .bss.*)
 .bss.current_heap_end.3974
                0x000000002000007c        0x4 ./system/src/newlib/_sbrk.o
 .bss.name.4289
                0x0000000020000080        0x1 ./system/src/newlib/_syscalls.o
 *fill*         0x0000000020000081        0x3 
 .bss.buf.5179  0x0000000020000084       0x80 ./system/src/diag/Trace.o
 .bss.Zaxis     0x0000000020000104        0x2 ./src/main.o
                0x0000000020000104                Zaxis
 *fill*         0x0000000020000106        0x2 
 .bss.Yaxis_g   0x0000000020000108        0x4 ./src/main.o
                0x0000000020000108                Yaxis_g
 .bss.Zaxis_g   0x000000002000010c        0x4 ./src/main.o
                0x000000002000010c                Zaxis_g
 .bss.Xaxis     0x0000000020000110        0x2 ./src/main.o
                0x0000000020000110                Xaxis
 .bss.Yaxis     0x0000000020000112        0x2 ./src/main.o
                0x0000000020000112                Yaxis
 .bss.Xaxis_g   0x0000000020000114        0x4 ./src/main.o
                0x0000000020000114                Xaxis_g
 .bss.__malloc_sbrk_start
                0x0000000020000118        0x4 /Users/manupepermans/STM32Toolchain/gcc-arm/bin/../lib/gcc/arm-none-eabi/5.4.1/../../../../arm-none-eabi/lib/armv7e-m/libg_nano.a(lib_a-nano-mallocr.o)
                0x0000000020000118                __malloc_sbrk_start
 .bss.__malloc_free_list
                0x000000002000011c        0x4 /Users/manupepermans/STM32Toolchain/gcc-arm/bin/../lib/gcc/arm-none-eabi/5.4.1/../../../../arm-none-eabi/lib/armv7e-m/libg_nano.a(lib_a-nano-mallocr.o)
                0x000000002000011c                __malloc_free_list
 *(COMMON)
 COMMON         0x0000000020000120        0x4 ./system/src/stm32f4xx/stm32f4xx_hal.o
                0x0000000020000120                uwTick
 COMMON         0x0000000020000124        0x4 ./system/src/newlib/_syscalls.o
                0x0000000020000124                errno
 COMMON         0x0000000020000128       0x9c ./src/main.o
                0x0000000020000128                hi2c1
                0x000000002000017c                Data
                0x0000000020000184                huart2
 *(.bss_end .bss_end.*)
 .bss_end       0x00000000200001c4        0x4 ./system/src/newlib/_startup.o
                0x00000000200001c8                . = ALIGN (0x4)
                0x00000000200001c8                __bss_end__ = .
                0x00000000200001c8                _ebss = .

.noinit_CCMRAM
 *(.noinit.CCMRAM .noinit.CCMRAM.*)

.noinit         0x00000000200001c8        0x0
                0x00000000200001c8                _noinit = .
 *(.noinit .noinit.*)
                0x00000000200001c8                . = ALIGN (0x4)
                0x00000000200001c8                _end_noinit = .
                [!provide]                        PROVIDE (end, _end_noinit)
                [!provide]                        PROVIDE (_end, _end_noinit)
                [!provide]                        PROVIDE (__end, _end_noinit)
                [!provide]                        PROVIDE (__end__, _end_noinit)

._check_stack   0x00000000200001c8      0x100
                0x00000000200002c8                . = (. + _Minimum_Stack_Size)
 *fill*         0x00000000200001c8      0x100 

.b1text
 *(.b1text)
 *(.b1rodata)
 *(.b1rodata.*)

.eb0text
 *(.eb0text)
 *(.eb0rodata)
 *(.eb0rodata.*)

.eb1text
 *(.eb1text)
 *(.eb1rodata)
 *(.eb1rodata.*)

.eb2text
 *(.eb2text)
 *(.eb2rodata)
 *(.eb2rodata.*)

.eb3text
 *(.eb3text)
 *(.eb3rodata)
 *(.eb3rodata.*)

.stab
 *(.stab)

.stabstr
 *(.stabstr)

.stab.excl
 *(.stab.excl)

.stab.exclstr
 *(.stab.exclstr)

.stab.index
 *(.stab.index)

.stab.indexstr
 *(.stab.indexstr)

.comment        0x0000000000000000       0x6e
 *(.comment)
 .comment       0x0000000000000000       0x6e ./system/src/stm32f4xx/stm32f4xx_hal.o
                                         0x6f (size before relaxing)
 .comment       0x000000000000006e       0x6f ./system/src/stm32f4xx/stm32f4xx_hal_cortex.o
 .comment       0x000000000000006e       0x6f ./system/src/stm32f4xx/stm32f4xx_hal_gpio.o
 .comment       0x000000000000006e       0x6f ./system/src/stm32f4xx/stm32f4xx_hal_i2c.o
 .comment       0x000000000000006e       0x6f ./system/src/stm32f4xx/stm32f4xx_hal_rcc.o
 .comment       0x000000000000006e       0x6f ./system/src/stm32f4xx/stm32f4xx_hal_uart.o
 .comment       0x000000000000006e       0x6f ./system/src/newlib/_exit.o
 .comment       0x000000000000006e       0x6f ./system/src/newlib/_sbrk.o
 .comment       0x000000000000006e       0x6f ./system/src/newlib/_startup.o
 .comment       0x000000000000006e       0x6f ./system/src/newlib/_syscalls.o
 .comment       0x000000000000006e       0x6f ./system/src/diag/Trace.o
 .comment       0x000000000000006e       0x6f ./system/src/diag/trace_impl.o
 .comment       0x000000000000006e       0x6f ./system/src/cortexm/_initialize_hardware.o
 .comment       0x000000000000006e       0x6f ./system/src/cortexm/exception_handlers.o
 .comment       0x000000000000006e       0x6f ./system/src/cmsis/system_stm32f4xx.o
 .comment       0x000000000000006e       0x6f ./src/main.o
 .comment       0x000000000000006e       0x6f ./src/stm32f4xx_hal_msp.o
 .comment       0x000000000000006e       0x6f ./src/stm32f4xx_it.o

.ARM.attributes
                0x0000000000000000       0x31
 .ARM.attributes
                0x0000000000000000       0x33 ./system/src/stm32f4xx/stm32f4xx_hal.o
 .ARM.attributes
                0x0000000000000033       0x33 ./system/src/stm32f4xx/stm32f4xx_hal_cortex.o
 .ARM.attributes
                0x0000000000000066       0x33 ./system/src/stm32f4xx/stm32f4xx_hal_gpio.o
 .ARM.attributes
                0x0000000000000099       0x33 ./system/src/stm32f4xx/stm32f4xx_hal_i2c.o
 .ARM.attributes
                0x00000000000000cc       0x33 ./system/src/stm32f4xx/stm32f4xx_hal_rcc.o
 .ARM.attributes
                0x00000000000000ff       0x33 ./system/src/stm32f4xx/stm32f4xx_hal_uart.o
 .ARM.attributes
                0x0000000000000132       0x33 ./system/src/newlib/_exit.o
 .ARM.attributes
                0x0000000000000165       0x33 ./system/src/newlib/_sbrk.o
 .ARM.attributes
                0x0000000000000198       0x33 ./system/src/newlib/_startup.o
 .ARM.attributes
                0x00000000000001cb       0x33 ./system/src/newlib/_syscalls.o
 .ARM.attributes
                0x00000000000001fe       0x33 ./system/src/diag/Trace.o
 .ARM.attributes
                0x0000000000000231       0x33 ./system/src/diag/trace_impl.o
 .ARM.attributes
                0x0000000000000264       0x33 ./system/src/cortexm/_initialize_hardware.o
 .ARM.attributes
                0x0000000000000297       0x33 ./system/src/cortexm/exception_handlers.o
 .ARM.attributes
                0x00000000000002ca       0x21 ./system/src/cmsis/startup_stm32f401xe.o
 .ARM.attributes
                0x00000000000002eb       0x33 ./system/src/cmsis/system_stm32f4xx.o
 .ARM.attributes
                0x000000000000031e       0x33 ./src/main.o
 .ARM.attributes
                0x0000000000000351       0x33 ./src/stm32f4xx_hal_msp.o
 .ARM.attributes
                0x0000000000000384       0x33 ./src/stm32f4xx_it.o
 .ARM.attributes
                0x00000000000003b7       0x1e /Users/manupepermans/STM32Toolchain/gcc-arm/bin/../lib/gcc/arm-none-eabi/5.4.1/armv7e-m/libgcc.a(_arm_addsubdf3.o)
 .ARM.attributes
                0x00000000000003d5       0x1e /Users/manupepermans/STM32Toolchain/gcc-arm/bin/../lib/gcc/arm-none-eabi/5.4.1/armv7e-m/libgcc.a(_arm_muldivdf3.o)
 .ARM.attributes
                0x00000000000003f3       0x1e /Users/manupepermans/STM32Toolchain/gcc-arm/bin/../lib/gcc/arm-none-eabi/5.4.1/armv7e-m/libgcc.a(_arm_truncdfsf2.o)
 .ARM.attributes
                0x0000000000000411       0x1e /Users/manupepermans/STM32Toolchain/gcc-arm/bin/../lib/gcc/arm-none-eabi/5.4.1/armv7e-m/libgcc.a(_arm_addsubsf3.o)
 .ARM.attributes
                0x000000000000042f       0x1e /Users/manupepermans/STM32Toolchain/gcc-arm/bin/../lib/gcc/arm-none-eabi/5.4.1/armv7e-m/libgcc.a(_aeabi_uldivmod.o)
 .ARM.attributes
                0x000000000000044d       0x2e /Users/manupepermans/STM32Toolchain/gcc-arm/bin/../lib/gcc/arm-none-eabi/5.4.1/armv7e-m/libgcc.a(_udivmoddi4.o)
 .ARM.attributes
                0x000000000000047b       0x1e /Users/manupepermans/STM32Toolchain/gcc-arm/bin/../lib/gcc/arm-none-eabi/5.4.1/armv7e-m/libgcc.a(_dvmd_tls.o)
 .ARM.attributes
                0x0000000000000499       0x2e /Users/manupepermans/STM32Toolchain/gcc-arm/bin/../lib/gcc/arm-none-eabi/5.4.1/../../../../arm-none-eabi/lib/armv7e-m/libg_nano.a(lib_a-errno.o)
 .ARM.attributes
                0x00000000000004c7       0x2e /Users/manupepermans/STM32Toolchain/gcc-arm/bin/../lib/gcc/arm-none-eabi/5.4.1/../../../../arm-none-eabi/lib/armv7e-m/libg_nano.a(lib_a-impure.o)
 .ARM.attributes
                0x00000000000004f5       0x2e /Users/manupepermans/STM32Toolchain/gcc-arm/bin/../lib/gcc/arm-none-eabi/5.4.1/../../../../arm-none-eabi/lib/armv7e-m/libg_nano.a(lib_a-memcpy-stub.o)
 .ARM.attributes
                0x0000000000000523       0x2e /Users/manupepermans/STM32Toolchain/gcc-arm/bin/../lib/gcc/arm-none-eabi/5.4.1/../../../../arm-none-eabi/lib/armv7e-m/libg_nano.a(lib_a-vsnprintf.o)
 .ARM.attributes
                0x0000000000000551       0x2e /Users/manupepermans/STM32Toolchain/gcc-arm/bin/../lib/gcc/arm-none-eabi/5.4.1/../../../../arm-none-eabi/lib/armv7e-m/libg_nano.a(lib_a-nano-svfprintf.o)
 .ARM.attributes
                0x000000000000057f       0x2e /Users/manupepermans/STM32Toolchain/gcc-arm/bin/../lib/gcc/arm-none-eabi/5.4.1/../../../../arm-none-eabi/lib/armv7e-m/libg_nano.a(lib_a-nano-vfprintf_i.o)
 .ARM.attributes
                0x00000000000005ad       0x1c /Users/manupepermans/STM32Toolchain/gcc-arm/bin/../lib/gcc/arm-none-eabi/5.4.1/../../../../arm-none-eabi/lib/armv7e-m/libg_nano.a(lib_a-memchr.o)
 .ARM.attributes
                0x00000000000005c9       0x2e /Users/manupepermans/STM32Toolchain/gcc-arm/bin/../lib/gcc/arm-none-eabi/5.4.1/../../../../arm-none-eabi/lib/armv7e-m/libg_nano.a(lib_a-memmove.o)
 .ARM.attributes
                0x00000000000005f7       0x2e /Users/manupepermans/STM32Toolchain/gcc-arm/bin/../lib/gcc/arm-none-eabi/5.4.1/../../../../arm-none-eabi/lib/armv7e-m/libg_nano.a(lib_a-nano-freer.o)
 .ARM.attributes
                0x0000000000000625       0x2e /Users/manupepermans/STM32Toolchain/gcc-arm/bin/../lib/gcc/arm-none-eabi/5.4.1/../../../../arm-none-eabi/lib/armv7e-m/libg_nano.a(lib_a-nano-mallocr.o)
 .ARM.attributes
                0x0000000000000653       0x2e /Users/manupepermans/STM32Toolchain/gcc-arm/bin/../lib/gcc/arm-none-eabi/5.4.1/../../../../arm-none-eabi/lib/armv7e-m/libg_nano.a(lib_a-nano-reallocr.o)
 .ARM.attributes
                0x0000000000000681       0x2e /Users/manupepermans/STM32Toolchain/gcc-arm/bin/../lib/gcc/arm-none-eabi/5.4.1/../../../../arm-none-eabi/lib/armv7e-m/libg_nano.a(lib_a-sbrkr.o)
 .ARM.attributes
                0x00000000000006af       0x2e /Users/manupepermans/STM32Toolchain/gcc-arm/bin/../lib/gcc/arm-none-eabi/5.4.1/../../../../arm-none-eabi/lib/armv7e-m/libg_nano.a(lib_a-mlock.o)
 .ARM.attributes
                0x00000000000006dd       0x2e /Users/manupepermans/STM32Toolchain/gcc-arm/bin/../lib/gcc/arm-none-eabi/5.4.1/../../../../arm-none-eabi/lib/armv7e-m/libg_nano.a(lib_a-nano-msizer.o)

.debug
 *(.debug)

.line
 *(.line)

.debug_srcinfo
 *(.debug_srcinfo)

.debug_sfnames
 *(.debug_sfnames)

.debug_aranges  0x0000000000000000      0x988
 *(.debug_aranges)
 .debug_aranges
                0x0000000000000000       0xc8 ./system/src/stm32f4xx/stm32f4xx_hal.o
 .debug_aranges
                0x00000000000000c8       0xa8 ./system/src/stm32f4xx/stm32f4xx_hal_cortex.o
 .debug_aranges
                0x0000000000000170       0x58 ./system/src/stm32f4xx/stm32f4xx_hal_gpio.o
 .debug_aranges
                0x00000000000001c8      0x268 ./system/src/stm32f4xx/stm32f4xx_hal_i2c.o
 .debug_aranges
                0x0000000000000430       0x88 ./system/src/stm32f4xx/stm32f4xx_hal_rcc.o
 .debug_aranges
                0x00000000000004b8      0x1d0 ./system/src/stm32f4xx/stm32f4xx_hal_uart.o
 .debug_aranges
                0x0000000000000688       0x28 ./system/src/newlib/_exit.o
 .debug_aranges
                0x00000000000006b0       0x20 ./system/src/newlib/_sbrk.o
 .debug_aranges
                0x00000000000006d0       0x40 ./system/src/newlib/_startup.o
 .debug_aranges
                0x0000000000000710       0x30 ./system/src/newlib/_syscalls.o
 .debug_aranges
                0x0000000000000740       0x38 ./system/src/diag/Trace.o
 .debug_aranges
                0x0000000000000778       0x28 ./system/src/diag/trace_impl.o
 .debug_aranges
                0x00000000000007a0       0x28 ./system/src/cortexm/_initialize_hardware.o
 .debug_aranges
                0x00000000000007c8       0x88 ./system/src/cortexm/exception_handlers.o
 .debug_aranges
                0x0000000000000850       0x28 ./system/src/cmsis/startup_stm32f401xe.o
 .debug_aranges
                0x0000000000000878       0x28 ./system/src/cmsis/system_stm32f4xx.o
 .debug_aranges
                0x00000000000008a0       0x48 ./src/main.o
 .debug_aranges
                0x00000000000008e8       0x40 ./src/stm32f4xx_hal_msp.o
 .debug_aranges
                0x0000000000000928       0x60 ./src/stm32f4xx_it.o

.debug_pubnames
 *(.debug_pubnames)

.debug_info     0x0000000000000000     0xa9a6
 *(.debug_info .gnu.linkonce.wi.*)
 .debug_info    0x0000000000000000      0x81a ./system/src/stm32f4xx/stm32f4xx_hal.o
 .debug_info    0x000000000000081a      0xe56 ./system/src/stm32f4xx/stm32f4xx_hal_cortex.o
 .debug_info    0x0000000000001670      0x725 ./system/src/stm32f4xx/stm32f4xx_hal_gpio.o
 .debug_info    0x0000000000001d95     0x2e61 ./system/src/stm32f4xx/stm32f4xx_hal_i2c.o
 .debug_info    0x0000000000004bf6      0xa12 ./system/src/stm32f4xx/stm32f4xx_hal_rcc.o
 .debug_info    0x0000000000005608     0x1680 ./system/src/stm32f4xx/stm32f4xx_hal_uart.o
 .debug_info    0x0000000000006c88       0xef ./system/src/newlib/_exit.o
 .debug_info    0x0000000000006d77      0x11f ./system/src/newlib/_sbrk.o
 .debug_info    0x0000000000006e96      0x455 ./system/src/newlib/_startup.o
 .debug_info    0x00000000000072eb      0x1c7 ./system/src/newlib/_syscalls.o
 .debug_info    0x00000000000074b2      0x2e7 ./system/src/diag/Trace.o
 .debug_info    0x0000000000007799      0x114 ./system/src/diag/trace_impl.o
 .debug_info    0x00000000000078ad      0x2b1 ./system/src/cortexm/_initialize_hardware.o
 .debug_info    0x0000000000007b5e      0x7b7 ./system/src/cortexm/exception_handlers.o
 .debug_info    0x0000000000008315       0x89 ./system/src/cmsis/startup_stm32f401xe.o
 .debug_info    0x000000000000839e      0x4fb ./system/src/cmsis/system_stm32f4xx.o
 .debug_info    0x0000000000008899     0x1150 ./src/main.o
 .debug_info    0x00000000000099e9      0xe55 ./src/stm32f4xx_hal_msp.o
 .debug_info    0x000000000000a83e      0x168 ./src/stm32f4xx_it.o

.debug_abbrev   0x0000000000000000     0x1c92
 *(.debug_abbrev)
 .debug_abbrev  0x0000000000000000      0x232 ./system/src/stm32f4xx/stm32f4xx_hal.o
 .debug_abbrev  0x0000000000000232      0x2fe ./system/src/stm32f4xx/stm32f4xx_hal_cortex.o
 .debug_abbrev  0x0000000000000530      0x1cd ./system/src/stm32f4xx/stm32f4xx_hal_gpio.o
 .debug_abbrev  0x00000000000006fd      0x246 ./system/src/stm32f4xx/stm32f4xx_hal_i2c.o
 .debug_abbrev  0x0000000000000943      0x268 ./system/src/stm32f4xx/stm32f4xx_hal_rcc.o
 .debug_abbrev  0x0000000000000bab      0x27e ./system/src/stm32f4xx/stm32f4xx_hal_uart.o
 .debug_abbrev  0x0000000000000e29       0x8e ./system/src/newlib/_exit.o
 .debug_abbrev  0x0000000000000eb7       0xb9 ./system/src/newlib/_sbrk.o
 .debug_abbrev  0x0000000000000f70      0x1ac ./system/src/newlib/_startup.o
 .debug_abbrev  0x000000000000111c       0xec ./system/src/newlib/_syscalls.o
 .debug_abbrev  0x0000000000001208      0x156 ./system/src/diag/Trace.o
 .debug_abbrev  0x000000000000135e       0xb4 ./system/src/diag/trace_impl.o
 .debug_abbrev  0x0000000000001412       0xea ./system/src/cortexm/_initialize_hardware.o
 .debug_abbrev  0x00000000000014fc      0x1d4 ./system/src/cortexm/exception_handlers.o
 .debug_abbrev  0x00000000000016d0       0x12 ./system/src/cmsis/startup_stm32f401xe.o
 .debug_abbrev  0x00000000000016e2      0x104 ./system/src/cmsis/system_stm32f4xx.o
 .debug_abbrev  0x00000000000017e6      0x240 ./src/main.o
 .debug_abbrev  0x0000000000001a26      0x1a0 ./src/stm32f4xx_hal_msp.o
 .debug_abbrev  0x0000000000001bc6       0xcc ./src/stm32f4xx_it.o

.debug_line     0x0000000000000000     0x72d9
 *(.debug_line)
 .debug_line    0x0000000000000000      0x751 ./system/src/stm32f4xx/stm32f4xx_hal.o
 .debug_line    0x0000000000000751      0x7c0 ./system/src/stm32f4xx/stm32f4xx_hal_cortex.o
 .debug_line    0x0000000000000f11      0x71a ./system/src/stm32f4xx/stm32f4xx_hal_gpio.o
 .debug_line    0x000000000000162b     0x15e5 ./system/src/stm32f4xx/stm32f4xx_hal_i2c.o
 .debug_line    0x0000000000002c10      0x834 ./system/src/stm32f4xx/stm32f4xx_hal_rcc.o
 .debug_line    0x0000000000003444      0xe5d ./system/src/stm32f4xx/stm32f4xx_hal_uart.o
 .debug_line    0x00000000000042a1      0x309 ./system/src/newlib/_exit.o
 .debug_line    0x00000000000045aa      0x2ba ./system/src/newlib/_sbrk.o
 .debug_line    0x0000000000004864      0x370 ./system/src/newlib/_startup.o
 .debug_line    0x0000000000004bd4      0x3c8 ./system/src/newlib/_syscalls.o
 .debug_line    0x0000000000004f9c      0x377 ./system/src/diag/Trace.o
 .debug_line    0x0000000000005313      0x3ca ./system/src/diag/trace_impl.o
 .debug_line    0x00000000000056dd      0x1ab ./system/src/cortexm/_initialize_hardware.o
 .debug_line    0x0000000000005888      0x4b5 ./system/src/cortexm/exception_handlers.o
 .debug_line    0x0000000000005d3d       0x88 ./system/src/cmsis/startup_stm32f401xe.o
 .debug_line    0x0000000000005dc5      0x1ab ./system/src/cmsis/system_stm32f4xx.o
 .debug_line    0x0000000000005f70      0x6f9 ./src/main.o
 .debug_line    0x0000000000006669      0x623 ./src/stm32f4xx_hal_msp.o
 .debug_line    0x0000000000006c8c      0x64d ./src/stm32f4xx_it.o

.debug_frame    0x0000000000000000     0x1ab8
 *(.debug_frame)
 .debug_frame   0x0000000000000000      0x198 ./system/src/stm32f4xx/stm32f4xx_hal.o
 .debug_frame   0x0000000000000198      0x154 ./system/src/stm32f4xx/stm32f4xx_hal_cortex.o
 .debug_frame   0x00000000000002ec       0xc4 ./system/src/stm32f4xx/stm32f4xx_hal_gpio.o
 .debug_frame   0x00000000000003b0      0x808 ./system/src/stm32f4xx/stm32f4xx_hal_i2c.o
 .debug_frame   0x0000000000000bb8      0x168 ./system/src/stm32f4xx/stm32f4xx_hal_rcc.o
 .debug_frame   0x0000000000000d20      0x4e8 ./system/src/stm32f4xx/stm32f4xx_hal_uart.o
 .debug_frame   0x0000000000001208       0x38 ./system/src/newlib/_exit.o
 .debug_frame   0x0000000000001240       0x28 ./system/src/newlib/_sbrk.o
 .debug_frame   0x0000000000001268       0x7c ./system/src/newlib/_startup.o
 .debug_frame   0x00000000000012e4       0x50 ./system/src/newlib/_syscalls.o
 .debug_frame   0x0000000000001334       0x94 ./system/src/diag/Trace.o
 .debug_frame   0x00000000000013c8       0x30 ./system/src/diag/trace_impl.o
 .debug_frame   0x00000000000013f8       0x40 ./system/src/cortexm/_initialize_hardware.o
 .debug_frame   0x0000000000001438      0x144 ./system/src/cortexm/exception_handlers.o
 .debug_frame   0x000000000000157c       0x30 ./system/src/cmsis/system_stm32f4xx.o
 .debug_frame   0x00000000000015ac       0xa8 ./src/main.o
 .debug_frame   0x0000000000001654       0x98 ./src/stm32f4xx_hal_msp.o
 .debug_frame   0x00000000000016ec       0xa8 ./src/stm32f4xx_it.o
 .debug_frame   0x0000000000001794       0x2c /Users/manupepermans/STM32Toolchain/gcc-arm/bin/../lib/gcc/arm-none-eabi/5.4.1/armv7e-m/libgcc.a(_aeabi_uldivmod.o)
 .debug_frame   0x00000000000017c0       0x34 /Users/manupepermans/STM32Toolchain/gcc-arm/bin/../lib/gcc/arm-none-eabi/5.4.1/armv7e-m/libgcc.a(_udivmoddi4.o)
 .debug_frame   0x00000000000017f4       0x20 /Users/manupepermans/STM32Toolchain/gcc-arm/bin/../lib/gcc/arm-none-eabi/5.4.1/../../../../arm-none-eabi/lib/armv7e-m/libg_nano.a(lib_a-errno.o)
 .debug_frame   0x0000000000001814       0x28 /Users/manupepermans/STM32Toolchain/gcc-arm/bin/../lib/gcc/arm-none-eabi/5.4.1/../../../../arm-none-eabi/lib/armv7e-m/libg_nano.a(lib_a-memcpy-stub.o)
 .debug_frame   0x000000000000183c       0x48 /Users/manupepermans/STM32Toolchain/gcc-arm/bin/../lib/gcc/arm-none-eabi/5.4.1/../../../../arm-none-eabi/lib/armv7e-m/libg_nano.a(lib_a-vsnprintf.o)
 .debug_frame   0x0000000000001884       0x90 /Users/manupepermans/STM32Toolchain/gcc-arm/bin/../lib/gcc/arm-none-eabi/5.4.1/../../../../arm-none-eabi/lib/armv7e-m/libg_nano.a(lib_a-nano-svfprintf.o)
 .debug_frame   0x0000000000001914       0x60 /Users/manupepermans/STM32Toolchain/gcc-arm/bin/../lib/gcc/arm-none-eabi/5.4.1/../../../../arm-none-eabi/lib/armv7e-m/libg_nano.a(lib_a-nano-vfprintf_i.o)
 .debug_frame   0x0000000000001974       0x28 /Users/manupepermans/STM32Toolchain/gcc-arm/bin/../lib/gcc/arm-none-eabi/5.4.1/../../../../arm-none-eabi/lib/armv7e-m/libg_nano.a(lib_a-memmove.o)
 .debug_frame   0x000000000000199c       0x38 /Users/manupepermans/STM32Toolchain/gcc-arm/bin/../lib/gcc/arm-none-eabi/5.4.1/../../../../arm-none-eabi/lib/armv7e-m/libg_nano.a(lib_a-nano-freer.o)
 .debug_frame   0x00000000000019d4       0x2c /Users/manupepermans/STM32Toolchain/gcc-arm/bin/../lib/gcc/arm-none-eabi/5.4.1/../../../../arm-none-eabi/lib/armv7e-m/libg_nano.a(lib_a-nano-mallocr.o)
 .debug_frame   0x0000000000001a00       0x3c /Users/manupepermans/STM32Toolchain/gcc-arm/bin/../lib/gcc/arm-none-eabi/5.4.1/../../../../arm-none-eabi/lib/armv7e-m/libg_nano.a(lib_a-nano-reallocr.o)
 .debug_frame   0x0000000000001a3c       0x2c /Users/manupepermans/STM32Toolchain/gcc-arm/bin/../lib/gcc/arm-none-eabi/5.4.1/../../../../arm-none-eabi/lib/armv7e-m/libg_nano.a(lib_a-sbrkr.o)
 .debug_frame   0x0000000000001a68       0x30 /Users/manupepermans/STM32Toolchain/gcc-arm/bin/../lib/gcc/arm-none-eabi/5.4.1/../../../../arm-none-eabi/lib/armv7e-m/libg_nano.a(lib_a-mlock.o)
 .debug_frame   0x0000000000001a98       0x20 /Users/manupepermans/STM32Toolchain/gcc-arm/bin/../lib/gcc/arm-none-eabi/5.4.1/../../../../arm-none-eabi/lib/armv7e-m/libg_nano.a(lib_a-nano-msizer.o)

.debug_str      0x0000000000000000    0x83e06
 *(.debug_str)
 .debug_str     0x0000000000000000    0x7e908 ./system/src/stm32f4xx/stm32f4xx_hal.o
                                      0x7eccd (size before relaxing)
 .debug_str     0x000000000007e908      0x3aa ./system/src/stm32f4xx/stm32f4xx_hal_cortex.o
                                      0x7eaab (size before relaxing)
 .debug_str     0x000000000007ecb2      0x27e ./system/src/stm32f4xx/stm32f4xx_hal_gpio.o
                                      0x7e5a7 (size before relaxing)
 .debug_str     0x000000000007ef30      0xf1b ./system/src/stm32f4xx/stm32f4xx_hal_i2c.o
                                      0x7f1b0 (size before relaxing)
 .debug_str     0x000000000007fe4b      0x364 ./system/src/stm32f4xx/stm32f4xx_hal_rcc.o
                                      0x7e779 (size before relaxing)
 .debug_str     0x00000000000801af      0x6c1 ./system/src/stm32f4xx/stm32f4xx_hal_uart.o
                                      0x7ebda (size before relaxing)
 .debug_str     0x0000000000080870     0x10b6 ./system/src/newlib/_exit.o
                                       0x6e79 (size before relaxing)
 .debug_str     0x0000000000081926      0x4de ./system/src/newlib/_sbrk.o
                                       0x6264 (size before relaxing)
 .debug_str     0x0000000000081e04      0x260 ./system/src/newlib/_startup.o
                                       0x5e19 (size before relaxing)
 .debug_str     0x0000000000082064      0xe18 ./system/src/newlib/_syscalls.o
                                       0x70c4 (size before relaxing)
 .debug_str     0x0000000000082e7c      0x176 ./system/src/diag/Trace.o
                                       0x7669 (size before relaxing)
 .debug_str     0x0000000000082ff2       0x4b ./system/src/diag/trace_impl.o
                                      0x4f1af (size before relaxing)
 .debug_str     0x000000000008303d       0x5e ./system/src/cortexm/_initialize_hardware.o
                                      0x4b691 (size before relaxing)
 .debug_str     0x000000000008309b      0x1e5 ./system/src/cortexm/exception_handlers.o
                                      0x50010 (size before relaxing)
 .debug_str     0x0000000000083280       0x84 ./system/src/cmsis/system_stm32f4xx.o
                                      0x4b7dc (size before relaxing)
 .debug_str     0x0000000000083304      0xabf ./src/main.o
                                      0x7fd75 (size before relaxing)
 .debug_str     0x0000000000083dc3       0x1b ./src/stm32f4xx_hal_msp.o
                                      0x7ede4 (size before relaxing)
 .debug_str     0x0000000000083dde       0x28 ./src/stm32f4xx_it.o
                                      0x7e277 (size before relaxing)

.debug_loc      0x0000000000000000     0x577b
 *(.debug_loc)
 .debug_loc     0x0000000000000000       0x69 ./system/src/stm32f4xx/stm32f4xx_hal.o
 .debug_loc     0x0000000000000069      0x548 ./system/src/stm32f4xx/stm32f4xx_hal_cortex.o
 .debug_loc     0x00000000000005b1      0x39a ./system/src/stm32f4xx/stm32f4xx_hal_gpio.o
 .debug_loc     0x000000000000094b     0x2ec5 ./system/src/stm32f4xx/stm32f4xx_hal_i2c.o
 .debug_loc     0x0000000000003810      0x434 ./system/src/stm32f4xx/stm32f4xx_hal_rcc.o
 .debug_loc     0x0000000000003c44     0x137a ./system/src/stm32f4xx/stm32f4xx_hal_uart.o
 .debug_loc     0x0000000000004fbe       0x82 ./system/src/newlib/_sbrk.o
 .debug_loc     0x0000000000005040      0x265 ./system/src/newlib/_startup.o
 .debug_loc     0x00000000000052a5       0x63 ./system/src/newlib/_syscalls.o
 .debug_loc     0x0000000000005308      0x102 ./system/src/diag/Trace.o
 .debug_loc     0x000000000000540a       0x21 ./system/src/diag/trace_impl.o
 .debug_loc     0x000000000000542b      0x184 ./system/src/cortexm/exception_handlers.o
 .debug_loc     0x00000000000055af      0x132 ./system/src/cmsis/system_stm32f4xx.o
 .debug_loc     0x00000000000056e1       0x9a ./src/stm32f4xx_hal_msp.o

.debug_macinfo
 *(.debug_macinfo)

.debug_weaknames
 *(.debug_weaknames)

.debug_funcnames
 *(.debug_funcnames)

.debug_typenames
 *(.debug_typenames)

.debug_varnames
 *(.debug_varnames)
OUTPUT(testI2C.elf elf32-littlearm)

.debug_ranges   0x0000000000000000      0x878
 .debug_ranges  0x0000000000000000       0xb8 ./system/src/stm32f4xx/stm32f4xx_hal.o
 .debug_ranges  0x00000000000000b8       0x98 ./system/src/stm32f4xx/stm32f4xx_hal_cortex.o
 .debug_ranges  0x0000000000000150       0x48 ./system/src/stm32f4xx/stm32f4xx_hal_gpio.o
 .debug_ranges  0x0000000000000198      0x258 ./system/src/stm32f4xx/stm32f4xx_hal_i2c.o
 .debug_ranges  0x00000000000003f0       0x78 ./system/src/stm32f4xx/stm32f4xx_hal_rcc.o
 .debug_ranges  0x0000000000000468      0x1c0 ./system/src/stm32f4xx/stm32f4xx_hal_uart.o
 .debug_ranges  0x0000000000000628       0x18 ./system/src/newlib/_exit.o
 .debug_ranges  0x0000000000000640       0x10 ./system/src/newlib/_sbrk.o
 .debug_ranges  0x0000000000000650       0x48 ./system/src/newlib/_startup.o
 .debug_ranges  0x0000000000000698       0x20 ./system/src/newlib/_syscalls.o
 .debug_ranges  0x00000000000006b8       0x28 ./system/src/diag/Trace.o
 .debug_ranges  0x00000000000006e0       0x18 ./system/src/diag/trace_impl.o
 .debug_ranges  0x00000000000006f8       0x18 ./system/src/cortexm/_initialize_hardware.o
 .debug_ranges  0x0000000000000710       0x78 ./system/src/cortexm/exception_handlers.o
 .debug_ranges  0x0000000000000788       0x20 ./system/src/cmsis/startup_stm32f401xe.o
 .debug_ranges  0x00000000000007a8       0x18 ./system/src/cmsis/system_stm32f4xx.o
 .debug_ranges  0x00000000000007c0       0x38 ./src/main.o
 .debug_ranges  0x00000000000007f8       0x30 ./src/stm32f4xx_hal_msp.o
 .debug_ranges  0x0000000000000828       0x50 ./src/stm32f4xx_it.o

.debug_macro    0x0000000000000000    0x17058
 .debug_macro   0x0000000000000000      0x354 ./system/src/stm32f4xx/stm32f4xx_hal.o
 .debug_macro   0x0000000000000354      0x880 ./system/src/stm32f4xx/stm32f4xx_hal.o
 .debug_macro   0x0000000000000bd4       0x10 ./system/src/stm32f4xx/stm32f4xx_hal.o
 .debug_macro   0x0000000000000be4      0x180 ./system/src/stm32f4xx/stm32f4xx_hal.o
 .debug_macro   0x0000000000000d64       0x32 ./system/src/stm32f4xx/stm32f4xx_hal.o
 .debug_macro   0x0000000000000d96       0x28 ./system/src/stm32f4xx/stm32f4xx_hal.o
 .debug_macro   0x0000000000000dbe      0x34e ./system/src/stm32f4xx/stm32f4xx_hal.o
 .debug_macro   0x000000000000110c       0x35 ./system/src/stm32f4xx/stm32f4xx_hal.o
 .debug_macro   0x0000000000001141       0x50 ./system/src/stm32f4xx/stm32f4xx_hal.o
 .debug_macro   0x0000000000001191      0xe66 ./system/src/stm32f4xx/stm32f4xx_hal.o
 .debug_macro   0x0000000000001ff7     0xb71c ./system/src/stm32f4xx/stm32f4xx_hal.o
 .debug_macro   0x000000000000d713       0x43 ./system/src/stm32f4xx/stm32f4xx_hal.o
 .debug_macro   0x000000000000d756     0x3535 ./system/src/stm32f4xx/stm32f4xx_hal.o
 .debug_macro   0x0000000000010c8b       0x22 ./system/src/stm32f4xx/stm32f4xx_hal.o
 .debug_macro   0x0000000000010cad       0x4c ./system/src/stm32f4xx/stm32f4xx_hal.o
 .debug_macro   0x0000000000010cf9       0x8d ./system/src/stm32f4xx/stm32f4xx_hal.o
 .debug_macro   0x0000000000010d86       0x35 ./system/src/stm32f4xx/stm32f4xx_hal.o
 .debug_macro   0x0000000000010dbb       0x9c ./system/src/stm32f4xx/stm32f4xx_hal.o
 .debug_macro   0x0000000000010e57       0x16 ./system/src/stm32f4xx/stm32f4xx_hal.o
 .debug_macro   0x0000000000010e6d       0x4a ./system/src/stm32f4xx/stm32f4xx_hal.o
 .debug_macro   0x0000000000010eb7       0x97 ./system/src/stm32f4xx/stm32f4xx_hal.o
 .debug_macro   0x0000000000010f4e      0x30d ./system/src/stm32f4xx/stm32f4xx_hal.o
 .debug_macro   0x000000000001125b       0xfd ./system/src/stm32f4xx/stm32f4xx_hal.o
 .debug_macro   0x0000000000011358       0x10 ./system/src/stm32f4xx/stm32f4xx_hal.o
 .debug_macro   0x0000000000011368       0x52 ./system/src/stm32f4xx/stm32f4xx_hal.o
 .debug_macro   0x00000000000113ba       0x1f ./system/src/stm32f4xx/stm32f4xx_hal.o
 .debug_macro   0x00000000000113d9       0x43 ./system/src/stm32f4xx/stm32f4xx_hal.o
 .debug_macro   0x000000000001141c       0x20 ./system/src/stm32f4xx/stm32f4xx_hal.o
 .debug_macro   0x000000000001143c      0x187 ./system/src/stm32f4xx/stm32f4xx_hal.o
 .debug_macro   0x00000000000115c3       0x10 ./system/src/stm32f4xx/stm32f4xx_hal.o
 .debug_macro   0x00000000000115d3       0x5e ./system/src/stm32f4xx/stm32f4xx_hal.o
 .debug_macro   0x0000000000011631       0x1c ./system/src/stm32f4xx/stm32f4xx_hal.o
 .debug_macro   0x000000000001164d       0x52 ./system/src/stm32f4xx/stm32f4xx_hal.o
 .debug_macro   0x000000000001169f       0x40 ./system/src/stm32f4xx/stm32f4xx_hal.o
 .debug_macro   0x00000000000116df       0x10 ./system/src/stm32f4xx/stm32f4xx_hal.o
 .debug_macro   0x00000000000116ef       0x40 ./system/src/stm32f4xx/stm32f4xx_hal.o
 .debug_macro   0x000000000001172f       0xd7 ./system/src/stm32f4xx/stm32f4xx_hal.o
 .debug_macro   0x0000000000011806       0x16 ./system/src/stm32f4xx/stm32f4xx_hal.o
 .debug_macro   0x000000000001181c      0x18b ./system/src/stm32f4xx/stm32f4xx_hal.o
 .debug_macro   0x00000000000119a7       0x56 ./system/src/stm32f4xx/stm32f4xx_hal.o
 .debug_macro   0x00000000000119fd      0x416 ./system/src/stm32f4xx/stm32f4xx_hal.o
 .debug_macro   0x0000000000011e13      0x9e6 ./system/src/stm32f4xx/stm32f4xx_hal.o
 .debug_macro   0x00000000000127f9      0x11e ./system/src/stm32f4xx/stm32f4xx_hal.o
 .debug_macro   0x0000000000012917       0xf8 ./system/src/stm32f4xx/stm32f4xx_hal.o
 .debug_macro   0x0000000000012a0f       0x27 ./system/src/stm32f4xx/stm32f4xx_hal.o
 .debug_macro   0x0000000000012a36      0x287 ./system/src/stm32f4xx/stm32f4xx_hal.o
 .debug_macro   0x0000000000012cbd       0x5f ./system/src/stm32f4xx/stm32f4xx_hal.o
 .debug_macro   0x0000000000012d1c      0x23a ./system/src/stm32f4xx/stm32f4xx_hal.o
 .debug_macro   0x0000000000012f56      0x13a ./system/src/stm32f4xx/stm32f4xx_hal.o
 .debug_macro   0x0000000000013090      0x264 ./system/src/stm32f4xx/stm32f4xx_hal.o
 .debug_macro   0x00000000000132f4       0x2e ./system/src/stm32f4xx/stm32f4xx_hal.o
 .debug_macro   0x0000000000013322      0x1a7 ./system/src/stm32f4xx/stm32f4xx_hal.o
 .debug_macro   0x00000000000134c9       0x22 ./system/src/stm32f4xx/stm32f4xx_hal.o
 .debug_macro   0x00000000000134eb       0xa5 ./system/src/stm32f4xx/stm32f4xx_hal.o
 .debug_macro   0x0000000000013590      0x11e ./system/src/stm32f4xx/stm32f4xx_hal.o
 .debug_macro   0x00000000000136ae       0x85 ./system/src/stm32f4xx/stm32f4xx_hal.o
 .debug_macro   0x0000000000013733       0x89 ./system/src/stm32f4xx/stm32f4xx_hal.o
 .debug_macro   0x00000000000137bc      0x287 ./system/src/stm32f4xx/stm32f4xx_hal.o
 .debug_macro   0x0000000000013a43      0x11e ./system/src/stm32f4xx/stm32f4xx_hal.o
 .debug_macro   0x0000000000013b61      0x2f4 ./system/src/stm32f4xx/stm32f4xx_hal_cortex.o
 .debug_macro   0x0000000000013e55      0x32c ./system/src/stm32f4xx/stm32f4xx_hal_gpio.o
 .debug_macro   0x0000000000014181      0x334 ./system/src/stm32f4xx/stm32f4xx_hal_i2c.o
 .debug_macro   0x00000000000144b5      0x318 ./system/src/stm32f4xx/stm32f4xx_hal_rcc.o
 .debug_macro   0x00000000000147cd      0x2f5 ./system/src/stm32f4xx/stm32f4xx_hal_uart.o
 .debug_macro   0x0000000000014ac2      0x19c ./system/src/newlib/_exit.o
 .debug_macro   0x0000000000014c5e      0x10e ./system/src/newlib/_exit.o
 .debug_macro   0x0000000000014d6c       0x8d ./system/src/newlib/_exit.o
 .debug_macro   0x0000000000014df9       0x35 ./system/src/newlib/_exit.o
 .debug_macro   0x0000000000014e2e      0x151 ./system/src/newlib/_sbrk.o
 .debug_macro   0x0000000000014f7f      0x174 ./system/src/newlib/_sbrk.o
 .debug_macro   0x00000000000150f3       0x10 ./system/src/newlib/_sbrk.o
 .debug_macro   0x0000000000015103      0x23b ./system/src/newlib/_sbrk.o
 .debug_macro   0x000000000001533e      0x15b ./system/src/newlib/_startup.o
 .debug_macro   0x0000000000015499      0x1ff ./system/src/newlib/_syscalls.o
 .debug_macro   0x0000000000015698       0x1c ./system/src/newlib/_syscalls.o
 .debug_macro   0x00000000000156b4       0x10 ./system/src/newlib/_syscalls.o
 .debug_macro   0x00000000000156c4       0x10 ./system/src/newlib/_syscalls.o
 .debug_macro   0x00000000000156d4       0x10 ./system/src/newlib/_syscalls.o
 .debug_macro   0x00000000000156e4       0x35 ./system/src/newlib/_syscalls.o
 .debug_macro   0x0000000000015719      0x122 ./system/src/newlib/_syscalls.o
 .debug_macro   0x000000000001583b       0x88 ./system/src/newlib/_syscalls.o
 .debug_macro   0x00000000000158c3       0x2b ./system/src/newlib/_syscalls.o
 .debug_macro   0x00000000000158ee      0x118 ./system/src/newlib/_syscalls.o
 .debug_macro   0x0000000000015a06      0x159 ./system/src/newlib/_syscalls.o
 .debug_macro   0x0000000000015b5f       0x16 ./system/src/newlib/_syscalls.o
 .debug_macro   0x0000000000015b75      0x1d9 ./system/src/diag/Trace.o
 .debug_macro   0x0000000000015d4e       0x4c ./system/src/diag/Trace.o
 .debug_macro   0x0000000000015d9a       0x16 ./system/src/diag/Trace.o
 .debug_macro   0x0000000000015db0      0x1db ./system/src/diag/trace_impl.o
 .debug_macro   0x0000000000015f8b       0x10 ./system/src/diag/trace_impl.o
 .debug_macro   0x0000000000015f9b       0xcf ./system/src/diag/trace_impl.o
 .debug_macro   0x000000000001606a       0xbe ./system/src/diag/trace_impl.o
 .debug_macro   0x0000000000016128       0x95 ./system/src/cortexm/_initialize_hardware.o
 .debug_macro   0x00000000000161bd      0x22c ./system/src/cortexm/exception_handlers.o
 .debug_macro   0x00000000000163e9       0x3b ./system/src/cortexm/exception_handlers.o
 .debug_macro   0x0000000000016424       0x22 ./system/src/cortexm/exception_handlers.o
 .debug_macro   0x0000000000016446       0x10 ./system/src/cortexm/exception_handlers.o
 .debug_macro   0x0000000000016456       0x9d ./system/src/cmsis/system_stm32f4xx.o
 .debug_macro   0x00000000000164f3      0x392 ./src/main.o
 .debug_macro   0x0000000000016885      0x1e1 ./src/main.o
 .debug_macro   0x0000000000016a66      0x2f4 ./src/stm32f4xx_hal_msp.o
 .debug_macro   0x0000000000016d5a      0x2fe ./src/stm32f4xx_it.o
